ARM Linker, 5.03 [Build 24] [MDK-ARM Professional]

==============================================================================

Section Cross References

    main.o(.text) refers to stm32f10x_usart.o(.text) for USART_SendData
    main.o(.text) refers to i2c.o(.text) for ANBT_I2C_Configuration
    main.o(.text) refers to inv_mpu.o(.text) for mpu_init
    main.o(.text) refers to printf3.o(i.__0printf$3) for __2printf
    main.o(.text) refers to inv_mpu_dmp_motion_driver.o(.text) for dmp_load_motion_driver_firmware
    main.o(.text) refers to system_stm32f10x.o(.text) for SystemInit
    main.o(.text) refers to clock.o(.text) for clock_conf
    main.o(.text) refers to iic_simulation.o(.text) for IIC_GPIO_Configuration
    main.o(.text) refers to usart_serial.o(.text) for USART_GPIO_Configuration
    main.o(.text) refers to mpu6050.o(.text) for InitMPU6050
    system_stm32f10x.o(.text) refers to system_stm32f10x.o(.data) for SystemCoreClock
    iic_simulation.o(.text) refers to stm32f10x_gpio.o(.text) for GPIO_SetBits
    iic_simulation.o(.text) refers to stm32f10x_rcc.o(.text) for RCC_APB2PeriphClockCmd
    tim.o(.text) refers to misc.o(.text) for NVIC_Init
    tim.o(.text) refers to stm32f10x_rcc.o(.text) for RCC_APB1PeriphClockCmd
    tim.o(.text) refers to stm32f10x_tim.o(.text) for TIM_TimeBaseInit
    usart_serial.o(.text) refers to stm32f10x_rcc.o(.text) for RCC_APB2PeriphClockCmd
    usart_serial.o(.text) refers to stm32f10x_gpio.o(.text) for GPIO_Init
    usart_serial.o(.text) refers to stm32f10x_usart.o(.text) for USART_Init
    stm32f10x_it.o(.text) refers to stm32f10x_tim.o(.text) for TIM_GetITStatus
    stm32f10x_it.o(.text) refers to clock.o(.data) for g_timecount
    stm32f10x_it.o(.text) refers to mpu6050.o(.bss) for VelocityType
    mpu6050.o(.text) refers to iic_simulation.o(.text) for Single_WriteIIC
    mpu6050.o(.text) refers to mpu6050.o(.data) for AccelReviseType
    mpu6050.o(.text) refers to mpu6050.o(.bss) for AccelType
    inv_mpu.o(.text) refers to i2c.o(.text) for AnBT_DMP_I2C_Write
    inv_mpu.o(.text) refers to clock.o(.text) for delay_ms
    inv_mpu.o(.text) refers to inv_mpu.o(.data) for st
    inv_mpu.o(.text) refers to ffltui.o(.text) for __aeabi_ui2f
    inv_mpu.o(.text) refers to fflti.o(.text) for __aeabi_i2f
    inv_mpu.o(.text) refers to fadd.o(.text) for __aeabi_fsub
    inv_mpu.o(.text) refers to fdiv.o(.text) for __aeabi_fdiv
    inv_mpu.o(.text) refers to fmul.o(.text) for __aeabi_fmul
    inv_mpu.o(.text) refers to ffixi.o(.text) for __aeabi_f2iz
    inv_mpu.o(.text) refers to cfcmple.o(.text) for __aeabi_cfcmpeq
    inv_mpu.o(.text) refers to cfrcmple.o(.text) for __aeabi_cfrcmple
    inv_mpu.o(.text) refers to inv_mpu.o(.constdata) for test
    inv_mpu.o(.text) refers to ldiv.o(.text) for __aeabi_ldivmod
    inv_mpu.o(.text) refers to memcmp.o(.text) for memcmp
    inv_mpu.o(.text) refers to printf3.o(i.__0printf$3) for __2printf
    inv_mpu.o(.data) refers to inv_mpu.o(.constdata) for reg
    inv_mpu_dmp_motion_driver.o(.text) refers to inv_mpu.o(.text) for mpu_load_firmware
    inv_mpu_dmp_motion_driver.o(.text) refers to inv_mpu_dmp_motion_driver.o(.constdata) for dmp_memory
    inv_mpu_dmp_motion_driver.o(.text) refers to inv_mpu_dmp_motion_driver.o(.bss) for dmp
    inv_mpu_dmp_motion_driver.o(.text) refers to ffltui.o(.text) for __aeabi_ui2f
    inv_mpu_dmp_motion_driver.o(.text) refers to fdiv.o(.text) for __aeabi_fdiv
    inv_mpu_dmp_motion_driver.o(.text) refers to fmul.o(.text) for __aeabi_fmul
    inv_mpu_dmp_motion_driver.o(.text) refers to ffixui.o(.text) for __aeabi_f2uiz
    inv_mpu_dmp_motion_driver.o(.text) refers to memseta.o(.text) for __aeabi_memset
    inv_mpu_dmp_motion_driver.o(.text) refers to clock.o(.text) for get_clock_ms
    inv_mpu_dmp_motion_driver.o(.text) refers to fflti.o(.text) for __aeabi_i2f
    inv_mpu_dmp_motion_driver.o(.text) refers to ffixi.o(.text) for __aeabi_f2iz
    i2c.o(.text) refers to stm32f10x_rcc.o(.text) for RCC_APB2PeriphClockCmd
    i2c.o(.text) refers to stm32f10x_gpio.o(.text) for GPIO_Init
    clock.o(.text) refers to system_stm32f10x.o(.text) for SystemInit
    clock.o(.text) refers to clock.o(.data) for g_timecount
    startup_stm32f10x_hd.o(RESET) refers to startup_stm32f10x_hd.o(STACK) for __initial_sp
    startup_stm32f10x_hd.o(RESET) refers to startup_stm32f10x_hd.o(.text) for Reset_Handler
    startup_stm32f10x_hd.o(RESET) refers to stm32f10x_it.o(.text) for NMI_Handler
    startup_stm32f10x_hd.o(.text) refers to system_stm32f10x.o(.text) for SystemInit
    startup_stm32f10x_hd.o(.text) refers to entry.o(.ARM.Collect$$$$00000000) for __main
    stm32f10x_gpio.o(.text) refers to stm32f10x_rcc.o(.text) for RCC_APB2PeriphResetCmd
    stm32f10x_rcc.o(.text) refers to stm32f10x_rcc.o(.data) for APBAHBPrescTable
    stm32f10x_tim.o(.text) refers to stm32f10x_rcc.o(.text) for RCC_APB2PeriphResetCmd
    stm32f10x_usart.o(.text) refers to stm32f10x_rcc.o(.text) for RCC_APB2PeriphResetCmd
[...]
    printfb.o(i.__0sprintf$bare) refers to printfb.o(i._sputc) for _sputc
    printfb.o(i.__0vfprintf$bare) refers to printfb.o(i._printf_core) for _printf_core
    printfb.o(i.__0vfprintf$bare) refers to main.o(.text) for fputc
    printfb.o(i.__0vprintf$bare) refers to printfb.o(i._printf_core) for _printf_core
    printfb.o(i.__0vprintf$bare) refers to main.o(.text) for fputc
    printfb.o(i.__0vprintf$bare) refers to stdout.o(.data) for __stdout
    printfb.o(i.__0vsnprintf$bare) refers to printfb.o(i._printf_core) for _printf_core
    printfb.o(i.__0vsnprintf$bare) refers to printfb.o(i._snputc) for _snputc
    printfb.o(i.__0vsprintf$bare) refers to printfb.o(i._printf_core) for _printf_core
    printfb.o(i.__0vsprintf$bare) refers to printfb.o(i._sputc) for _sputc
    printf0.o(i.__0fprintf$0) refers to printf0.o(i._printf_core) for _printf_core
    printf0.o(i.__0fprintf$0) refers to main.o(.text) for fputc
    printf0.o(i.__0printf$0) refers to printf0.o(i._printf_core) for _printf_core
    printf0.o(i.__0printf$0) refers to main.o(.text) for fputc
    printf0.o(i.__0printf$0) refers to stdout.o(.data) for __stdout
    printf0.o(i.__0snprintf$0) refers to printf0.o(i._printf_core) for _printf_core
    printf0.o(i.__0snprintf$0) refers to printf0.o(i._snputc) for _snputc
    printf0.o(i.__0sprintf$0) refers to printf0.o(i._printf_core) for _printf_core
    printf0.o(i.__0sprintf$0) refers to printf0.o(i._sputc) for _sputc
    printf0.o(i.__0vfprintf$0) refers to printf0.o(i._printf_core) for _printf_core
    printf0.o(i.__0vfprintf$0) refers to main.o(.text) for fputc
    printf0.o(i.__0vprintf$0) refers to printf0.o(i._printf_core) for _printf_core
    printf0.o(i.__0vprintf$0) refers to main.o(.text) for fputc
    printf0.o(i.__0vprintf$0) refers to stdout.o(.data) for __stdout
    printf0.o(i.__0vsnprintf$0) refers to printf0.o(i._printf_core) for _printf_core
    printf0.o(i.__0vsnprintf$0) refers to printf0.o(i._snputc) for _snputc
    printf0.o(i.__0vsprintf$0) refers to printf0.o(i._printf_core) for _printf_core
    printf0.o(i.__0vsprintf$0) refers to printf0.o(i._sputc) for _sputc
    printf1.o(i.__0fprintf$1) refers to printf1.o(i._printf_core) for _printf_core
    printf1.o(i.__0fprintf$1) refers to main.o(.text) for fputc
    printf1.o(i.__0printf$1) refers to printf1.o(i._printf_core) for _printf_core
    printf1.o(i.__0printf$1) refers to main.o(.text) for fputc
    printf1.o(i.__0printf$1) refers to stdout.o(.data) for __stdout
    printf1.o(i.__0snprintf$1) refers to printf1.o(i._printf_core) for _printf_core
    printf1.o(i.__0snprintf$1) refers to printf1.o(i._snputc) for _snputc
    printf1.o(i.__0sprintf$1) refers to printf1.o(i._printf_core) for _printf_core
    printf1.o(i.__0sprintf$1) refers to printf1.o(i._sputc) for _sputc
    printf1.o(i.__0vfprintf$1) refers to printf1.o(i._printf_core) for _printf_core
    printf1.o(i.__0vfprintf$1) refers to main.o(.text) for fputc
    printf1.o(i.__0vprintf$1) refers to printf1.o(i._printf_core) for _printf_core
    printf1.o(i.__0vprintf$1) refers to main.o(.text) for fputc
    printf1.o(i.__0vprintf$1) refers to stdout.o(.data) for __stdout
    printf1.o(i.__0vsnprintf$1) refers to printf1.o(i._printf_core) for _printf_core
    printf1.o(i.__0vsnprintf$1) refers to printf1.o(i._snputc) for _snputc
    printf1.o(i.__0vsprintf$1) refers to printf1.o(i._printf_core) for _printf_core
    printf1.o(i.__0vsprintf$1) refers to printf1.o(i._sputc) for _sputc
    printf1.o(i._printf_core) refers to uidiv.o(.text) for __aeabi_uidivmod
    printf2.o(i.__0fprintf$2) refers to printf2.o(i._printf_core) for _printf_core
    printf2.o(i.__0fprintf$2) refers to main.o(.text) for fputc
    printf2.o(i.__0printf$2) refers to printf2.o(i._printf_core) for _printf_core
    printf2.o(i.__0printf$2) refers to main.o(.text) for fputc
    printf2.o(i.__0printf$2) refers to stdout.o(.data) for __stdout
    printf2.o(i.__0snprintf$2) refers to printf2.o(i._printf_core) for _printf_core
    printf2.o(i.__0snprintf$2) refers to printf2.o(i._snputc) for _snputc
    printf2.o(i.__0sprintf$2) refers to printf2.o(i._printf_core) for _printf_core
    printf2.o(i.__0sprintf$2) refers to printf2.o(i._sputc) for _sputc
    printf2.o(i.__0vfprintf$2) refers to printf2.o(i._printf_core) for _printf_core
    printf2.o(i.__0vfprintf$2) refers to main.o(.text) for fputc
    printf2.o(i.__0vprintf$2) refers to printf2.o(i._printf_core) for _printf_core
    printf2.o(i.__0vprintf$2) refers to main.o(.text) for fputc
    printf2.o(i.__0vprintf$2) refers to stdout.o(.data) for __stdout
    printf2.o(i.__0vsnprintf$2) refers to printf2.o(i._printf_core) for _printf_core
    printf2.o(i.__0vsnprintf$2) refers to printf2.o(i._snputc) for _snputc
    printf2.o(i.__0vsprintf$2) refers to printf2.o(i._printf_core) for _printf_core
    printf2.o(i.__0vsprintf$2) refers to printf2.o(i._sputc) for _sputc
    printf3.o(i.__0fprintf$3) refers to printf3.o(i._printf_core) for _printf_core
    printf3.o(i.__0fprintf$3) refers to main.o(.text) for fputc
    printf3.o(i.__0printf$3) refers to printf3.o(i._printf_core) for _printf_core
    printf3.o(i.__0printf$3) refers to main.o(.text) for fputc
    printf3.o(i.__0printf$3) refers to stdout.o(.data) for __stdout
    printf3.o(i.__0snprintf$3) refers to printf3.o(i._printf_core) for _printf_core
    printf3.o(i.__0snprintf$3) refers to printf3.o(i._snputc) for _snputc
    printf3.o(i.__0sprintf$3) refers to printf3.o(i._printf_core) for _printf_core
    printf3.o(i.__0sprintf$3) refers to printf3.o(i._sputc) for _sputc
    printf3.o(i.__0vfprintf$3) refers to printf3.o(i._printf_core) for _printf_core
    printf3.o(i.__0vfprintf$3) refers to main.o(.text) for fputc
    printf3.o(i.__0vprintf$3) refers to printf3.o(i._printf_core) for _printf_core
    printf3.o(i.__0vprintf$3) refers to main.o(.text) for fputc
    printf3.o(i.__0vprintf$3) refers to stdout.o(.data) for __stdout
    printf3.o(i.__0vsnprintf$3) refers to printf3.o(i._printf_core) for _printf_core
    printf3.o(i.__0vsnprintf$3) refers to printf3.o(i._snputc) for _snputc
    printf3.o(i.__0vsprintf$3) refers to printf3.o(i._printf_core) for _printf_core
    printf3.o(i.__0vsprintf$3) refers to printf3.o(i._sputc) for _sputc
    printf3.o(i._printf_core) refers to uidiv.o(.text) for __aeabi_uidivmod
    printf4.o(i.__0fprintf$4) refers to printf4.o(i._printf_core) for _printf_core
    printf4.o(i.__0fprintf$4) refers to main.o(.text) for fputc
    printf4.o(i.__0printf$4) refers to printf4.o(i._printf_core) for _printf_core
    printf4.o(i.__0printf$4) refers to main.o(.text) for fputc
    printf4.o(i.__0printf$4) refers to stdout.o(.data) for __stdout
    printf4.o(i.__0snprintf$4) refers to printf4.o(i._printf_core) for _printf_core
    printf4.o(i.__0snprintf$4) refers to printf4.o(i._snputc) for _snputc
    printf4.o(i.__0sprintf$4) refers to printf4.o(i._printf_core) for _printf_core
    printf4.o(i.__0sprintf$4) refers to printf4.o(i._sputc) for _sputc
    printf4.o(i.__0vfprintf$4) refers to printf4.o(i._printf_core) for _printf_core
    printf4.o(i.__0vfprintf$4) refers to main.o(.text) for fputc
    printf4.o(i.__0vprintf$4) refers to printf4.o(i._printf_core) for _printf_core
    printf4.o(i.__0vprintf$4) refers to main.o(.text) for fputc
    printf4.o(i.__0vprintf$4) refers to stdout.o(.data) for __stdout
    printf4.o(i.__0vsnprintf$4) refers to printf4.o(i._printf_core) for _printf_core
    printf4.o(i.__0vsnprintf$4) refers to printf4.o(i._snputc) for _snputc
    printf4.o(i.__0vsprintf$4) refers to printf4.o(i._printf_core) for _printf_core
    printf4.o(i.__0vsprintf$4) refers to printf4.o(i._sputc) for _sputc
    printf4.o(i._printf_core) refers to uldiv.o(.text) for __aeabi_uldivmod
    printf5.o(i.__0fprintf$5) refers to printf5.o(i._printf_core) for _printf_core
    printf5.o(i.__0fprintf$5) refers to main.o(.text) for fputc
    printf5.o(i.__0printf$5) refers to printf5.o(i._printf_core) for _printf_core
    printf5.o(i.__0printf$5) refers to main.o(.text) for fputc
    printf5.o(i.__0printf$5) refers to stdout.o(.data) for __stdout
    printf5.o(i.__0snprintf$5) refers to printf5.o(i._printf_core) for _printf_core
    printf5.o(i.__0snprintf$5) refers to printf5.o(i._snputc) for _snputc
    printf5.o(i.__0sprintf$5) refers to printf5.o(i._printf_core) for _printf_core
    printf5.o(i.__0sprintf$5) refers to printf5.o(i._sputc) for _sputc
    printf5.o(i.__0vfprintf$5) refers to printf5.o(i._printf_core) for _printf_core
    printf5.o(i.__0vfprintf$5) refers to main.o(.text) for fputc
    printf5.o(i.__0vprintf$5) refers to printf5.o(i._printf_core) for _printf_core
    printf5.o(i.__0vprintf$5) refers to main.o(.text) for fputc
    printf5.o(i.__0vprintf$5) refers to stdout.o(.data) for __stdout
    printf5.o(i.__0vsnprintf$5) refers to printf5.o(i._printf_core) for _printf_core
    printf5.o(i.__0vsnprintf$5) refers to printf5.o(i._snputc) for _snputc
    printf5.o(i.__0vsprintf$5) refers to printf5.o(i._printf_core) for _printf_core
    printf5.o(i.__0vsprintf$5) refers to printf5.o(i._sputc) for _sputc
    printf5.o(i._printf_core) refers to uldiv.o(.text) for __aeabi_uldivmod
    printf6.o(i.__0fprintf$6) refers to printf6.o(i._printf_core) for _printf_core
    printf6.o(i.__0fprintf$6) refers to main.o(.text) for fputc
    printf6.o(i.__0printf$6) refers to printf6.o(i._printf_core) for _printf_core
    printf6.o(i.__0printf$6) refers to main.o(.text) for fputc
    printf6.o(i.__0printf$6) refers to stdout.o(.data) for __stdout
    printf6.o(i.__0snprintf$6) refers to printf6.o(i._printf_core) for _printf_core
    printf6.o(i.__0snprintf$6) refers to printf6.o(i._snputc) for _snputc
    printf6.o(i.__0sprintf$6) refers to printf6.o(i._printf_core) for _printf_core
    printf6.o(i.__0sprintf$6) refers to printf6.o(i._sputc) for _sputc
    printf6.o(i.__0vfprintf$6) refers to printf6.o(i._printf_core) for _printf_core
    printf6.o(i.__0vfprintf$6) refers to main.o(.text) for fputc
    printf6.o(i.__0vprintf$6) refers to printf6.o(i._printf_core) for _printf_core
    printf6.o(i.__0vprintf$6) refers to main.o(.text) for fputc
    printf6.o(i.__0vprintf$6) refers to stdout.o(.data) for __stdout
    printf6.o(i.__0vsnprintf$6) refers to printf6.o(i._printf_core) for _printf_core
    printf6.o(i.__0vsnprintf$6) refers to printf6.o(i._snputc) for _snputc
    printf6.o(i.__0vsprintf$6) refers to printf6.o(i._printf_core) for _printf_core
    printf6.o(i.__0vsprintf$6) refers to printf6.o(i._sputc) for _sputc
    printf6.o(i._printf_core) refers to printf6.o(i._printf_pre_padding) for _printf_pre_padding
    printf6.o(i._printf_core) refers to uidiv.o(.text) for __aeabi_uidivmod
    printf6.o(i._printf_core) refers to printf6.o(i._printf_post_padding) for _printf_post_padding
    printf7.o(i.__0fprintf$7) refers to printf7.o(i._printf_core) for _printf_core
    printf7.o(i.__0fprintf$7) refers to main.o(.text) for fputc
    printf7.o(i.__0printf$7) refers to printf7.o(i._printf_core) for _printf_core
    printf7.o(i.__0printf$7) refers to main.o(.text) for fputc
    printf7.o(i.__0printf$7) refers to stdout.o(.data) for __stdout
    printf7.o(i.__0snprintf$7) refers to printf7.o(i._printf_core) for _printf_core
    printf7.o(i.__0snprintf$7) refers to printf7.o(i._snputc) for _snputc
    printf7.o(i.__0sprintf$7) refers to printf7.o(i._printf_core) for _printf_core
    printf7.o(i.__0sprintf$7) refers to printf7.o(i._sputc) for _sputc
    printf7.o(i.__0vfprintf$7) refers to printf7.o(i._printf_core) for _printf_core
    printf7.o(i.__0vfprintf$7) refers to main.o(.text) for fputc
    printf7.o(i.__0vprintf$7) refers to printf7.o(i._printf_core) for _printf_core
    printf7.o(i.__0vprintf$7) refers to main.o(.text) for fputc
    printf7.o(i.__0vprintf$7) refers to stdout.o(.data) for __stdout
    printf7.o(i.__0vsnprintf$7) refers to printf7.o(i._printf_core) for _printf_core
    printf7.o(i.__0vsnprintf$7) refers to printf7.o(i._snputc) for _snputc
    printf7.o(i.__0vsprintf$7) refers to printf7.o(i._printf_core) for _printf_core
    printf7.o(i.__0vsprintf$7) refers to printf7.o(i._sputc) for _sputc
    printf7.o(i._printf_core) refers to printf7.o(i._printf_pre_padding) for _printf_pre_padding
    printf7.o(i._printf_core) refers to uldiv.o(.text) for __aeabi_uldivmod
    printf7.o(i._printf_core) refers to printf7.o(i._printf_post_padding) for _printf_post_padding
    printf8.o(i.__0fprintf$8) refers to printf8.o(i._printf_core) for _printf_core
    printf8.o(i.__0fprintf$8) refers to main.o(.text) for fputc
    printf8.o(i.__0printf$8) refers to printf8.o(i._printf_core) for _printf_core
    printf8.o(i.__0printf$8) refers to main.o(.text) for fputc
    printf8.o(i.__0printf$8) refers to stdout.o(.data) for __stdout
    printf8.o(i.__0snprintf$8) refers to printf8.o(i._printf_core) for _printf_core
    printf8.o(i.__0snprintf$8) refers to printf8.o(i._snputc) for _snputc
    printf8.o(i.__0sprintf$8) refers to printf8.o(i._printf_core) for _printf_core
    printf8.o(i.__0sprintf$8) refers to printf8.o(i._sputc) for _sputc
    printf8.o(i.__0vfprintf$8) refers to printf8.o(i._printf_core) for _printf_core
    printf8.o(i.__0vfprintf$8) refers to main.o(.text) for fputc
    printf8.o(i.__0vprintf$8) refers to printf8.o(i._printf_core) for _printf_core
    printf8.o(i.__0vprintf$8) refers to main.o(.text) for fputc
    printf8.o(i.__0vprintf$8) refers to stdout.o(.data) for __stdout
    printf8.o(i.__0vsnprintf$8) refers to printf8.o(i._printf_core) for _printf_core
    printf8.o(i.__0vsnprintf$8) refers to printf8.o(i._snputc) for _snputc
    printf8.o(i.__0vsprintf$8) refers to printf8.o(i._printf_core) for _printf_core
    printf8.o(i.__0vsprintf$8) refers to printf8.o(i._sputc) for _sputc
    printf8.o(i._printf_core) refers to printf8.o(i._printf_pre_padding) for _printf_pre_padding
    printf8.o(i._printf_core) refers to uldiv.o(.text) for __aeabi_uldivmod
    printf8.o(i._printf_core) refers to printf8.o(i._printf_post_padding) for _printf_post_padding
    printfa.o(i.__0fprintf) refers (Special) to iusefp.o(.text) for __I$use$fp
    printfa.o(i.__0fprintf) refers to printfa.o(i._printf_core) for _printf_core
    printfa.o(i.__0fprintf) refers to main.o(.text) for fputc
    printfa.o(i.__0printf) refers (Special) to iusefp.o(.text) for __I$use$fp
    printfa.o(i.__0printf) refers to printfa.o(i._printf_core) for _printf_core
    printfa.o(i.__0printf) refers to main.o(.text) for fputc
    printfa.o(i.__0printf) refers to stdout.o(.data) for __stdout
    printfa.o(i.__0snprintf) refers (Special) to iusefp.o(.text) for __I$use$fp
    printfa.o(i.__0snprintf) refers to printfa.o(i._printf_core) for _printf_core
    printfa.o(i.__0snprintf) refers to printfa.o(i._snputc) for _snputc
    printfa.o(i.__0sprintf) refers (Special) to iusefp.o(.text) for __I$use$fp
    printfa.o(i.__0sprintf) refers to printfa.o(i._printf_core) for _printf_core
    printfa.o(i.__0sprintf) refers to printfa.o(i._sputc) for _sputc
    printfa.o(i.__0vfprintf) refers (Special) to iusefp.o(.text) for __I$use$fp
    printfa.o(i.__0vfprintf) refers to printfa.o(i._printf_core) for _printf_core
    printfa.o(i.__0vfprintf) refers to main.o(.text) for fputc
    printfa.o(i.__0vprintf) refers (Special) to iusefp.o(.text) for __I$use$fp
    printfa.o(i.__0vprintf) refers to printfa.o(i._printf_core) for _printf_core
    printfa.o(i.__0vprintf) refers to main.o(.text) for fputc
    printfa.o(i.__0vprintf) refers to stdout.o(.data) for __stdout
    printfa.o(i.__0vsnprintf) refers (Special) to iusefp.o(.text) for __I$use$fp
    printfa.o(i.__0vsnprintf) refers to printfa.o(i._printf_core) for _printf_core
    printfa.o(i.__0vsnprintf) refers to printfa.o(i._snputc) for _snputc
    printfa.o(i.__0vsprintf) refers (Special) to iusefp.o(.text) for __I$use$fp
    printfa.o(i.__0vsprintf) refers to printfa.o(i._printf_core) for _printf_core
    printfa.o(i.__0vsprintf) refers to printfa.o(i._sputc) for _sputc
    printfa.o(i._fp_digits) refers (Special) to iusefp.o(.text) for __I$use$fp
    printfa.o(i._fp_digits) refers to dmul.o(.text) for __aeabi_dmul
    printfa.o(i._fp_digits) refers to ddiv.o(.text) for __aeabi_ddiv
    printfa.o(i._fp_digits) refers to cdrcmple.o(.text) for __aeabi_cdrcmple
    printfa.o(i._fp_digits) refers to dadd.o(.text) for __aeabi_dadd
    printfa.o(i._fp_digits) refers to dfixul.o(.text) for __aeabi_d2ulz
    printfa.o(i._fp_digits) refers to uldiv.o(.text) for __aeabi_uldivmod
    printfa.o(i._printf_core) refers (Special) to iusefp.o(.text) for __I$use$fp
    printfa.o(i._printf_core) refers to printfa.o(i._printf_pre_padding) for _printf_pre_padding
    printfa.o(i._printf_core) refers to uldiv.o(.text) for __aeabi_uldivmod
    printfa.o(i._printf_core) refers to printfa.o(i._printf_post_padding) for _printf_post_padding
    printfa.o(i._printf_core) refers to printfa.o(i._fp_digits) for _fp_digits
    printfa.o(i._printf_core) refers to uidiv.o(.text) for __aeabi_uidivmod
    printfa.o(i._printf_post_padding) refers (Special) to iusefp.o(.text) for __I$use$fp
    printfa.o(i._printf_pre_padding) refers (Special) to iusefp.o(.text) for __I$use$fp
    printfa.o(i._snputc) refers (Special) to iusefp.o(.text) for __I$use$fp
    printfa.o(i._sputc) refers (Special) to iusefp.o(.text) for __I$use$fp
    fadd.o(.text) refers (Special) to iusefp.o(.text) for __I$use$fp
    fadd.o(.text) refers to fepilogue.o(.text) for _float_epilogue
    fmul.o(.text) refers (Special) to iusefp.o(.text) for __I$use$fp
    fdiv.o(.text) refers (Special) to iusefp.o(.text) for __I$use$fp
    fdiv.o(.text) refers to fepilogue.o(.text) for _float_round
    fflti.o(.text) refers (Special) to iusefp.o(.text) for __I$use$fp
    fflti.o(.text) refers to fepilogue.o(.text) for _float_epilogue
    ffltui.o(.text) refers (Special) to iusefp.o(.text) for __I$use$fp
    ffltui.o(.text) refers to fepilogue.o(.text) for _float_epilogue
    ffixi.o(.text) refers (Special) to iusefp.o(.text) for __I$use$fp
    ffixui.o(.text) refers (Special) to iusefp.o(.text) for __I$use$fp
    cfcmple.o(.text) refers (Special) to iusefp.o(.text) for __I$use$fp
    cfrcmple.o(.text) refers (Special) to iusefp.o(.text) for __I$use$fp
    entry2.o(.ARM.Collect$$$$00000001) refers to entry2.o(.ARM.Collect$$$$00002712) for __lit__00000000
    entry2.o(.ARM.Collect$$$$00002712) refers to startup_stm32f10x_hd.o(STACK) for __initial_sp
    entry2.o(__vectab_stack_and_reset_area) refers to startup_stm32f10x_hd.o(STACK) for __initial_sp
    entry2.o(__vectab_stack_and_reset_area) refers to entry.o(.ARM.Collect$$$$00000000) for __main
    entry5.o(.ARM.Collect$$$$00000004) refers to init.o(.text) for __scatterload
    entry9a.o(.ARM.Collect$$$$0000000B) refers to main.o(.text) for main
    entry9b.o(.ARM.Collect$$$$0000000C) refers to main.o(.text) for main
    uldiv.o(.text) refers to llushr.o(.text) for __aeabi_llsr
    uldiv.o(.text) refers to llshl.o(.text) for __aeabi_llsl
    dadd.o(.text) refers to llshl.o(.text) for __aeabi_llsl
    dadd.o(.text) refers to llsshr.o(.text) for __aeabi_lasr
    dadd.o(.text) refers to depilogue.o(.text) for _double_epilogue
    dmul.o(.text) refers to depilogue.o(.text) for _double_epilogue
    ddiv.o(.text) refers to depilogue.o(.text) for _double_round
    dfixul.o(.text) refers to llushr.o(.text) for __aeabi_llsr
    dfixul.o(.text) refers to llshl.o(.text) for __aeabi_llsl
    init.o(.text) refers to entry5.o(.ARM.Collect$$$$00000004) for __main_after_scatterload
    depilogue.o(.text) refers to llshl.o(.text) for __aeabi_llsl
    depilogue.o(.text) refers to llushr.o(.text) for __aeabi_llsr


==============================================================================

Removing Unused input sections from the image.

    Removing main.o(.data), (20 bytes).
    Removing tim.o(.text), (98 bytes).
    Removing startup_stm32f10x_hd.o(HEAP), (512 bytes).
    Removing core_cm3.o(.emb_text), (32 bytes).
    Removing misc.o(.text), (220 bytes).
    Removing stm32f10x_i2c.o(.text), (1028 bytes).
    Removing dadd.o(.text), (334 bytes).
    Removing dmul.o(.text), (228 bytes).
    Removing ddiv.o(.text), (222 bytes).
    Removing dfixul.o(.text), (48 bytes).
    Removing cdrcmple.o(.text), (40 bytes).
    Removing depilogue.o(.text), (190 bytes).

12 unused section(s) (total 2972 bytes) removed from the image.

==============================================================================

Image Symbol Table

    Local Symbols

    Symbol Name                              Value     Ov Type        Size  Object(Section)

    ../clib/microlib/division.c              0x00000000   Number         0  ldiv.o ABSOLUTE
    ../clib/microlib/division.c              0x00000000   Number         0  uldiv.o ABSOLUTE
    ../clib/microlib/division.c              0x00000000   Number         0  uidiv.o ABSOLUTE
    ../clib/microlib/init/entry.s            0x00000000   Number         0  entry.o ABSOLUTE
    ../clib/microlib/init/entry.s            0x00000000   Number         0  entry10a.o ABSOLUTE
    ../clib/microlib/init/entry.s            0x00000000   Number         0  entry10b.o ABSOLUTE
    ../clib/microlib/init/entry.s            0x00000000   Number         0  entry8b.o ABSOLUTE
    ../clib/microlib/init/entry.s            0x00000000   Number         0  entry9a.o ABSOLUTE
    ../clib/microlib/init/entry.s            0x00000000   Number         0  entry9b.o ABSOLUTE
    ../clib/microlib/init/entry.s            0x00000000   Number         0  entry8a.o ABSOLUTE
    ../clib/microlib/init/entry.s            0x00000000   Number         0  entry11a.o ABSOLUTE
    ../clib/microlib/init/entry.s            0x00000000   Number         0  entry11b.o ABSOLUTE
    ../clib/microlib/init/entry.s            0x00000000   Number         0  entry7b.o ABSOLUTE
    ../clib/microlib/init/entry.s            0x00000000   Number         0  entry7a.o ABSOLUTE
    ../clib/microlib/init/entry.s            0x00000000   Number         0  entry5.o ABSOLUTE
    ../clib/microlib/init/entry.s            0x00000000   Number         0  entry2.o ABSOLUTE
    ../clib/microlib/longlong.c              0x00000000   Number         0  llshl.o ABSOLUTE
    ../clib/microlib/longlong.c              0x00000000   Number         0  llushr.o ABSOLUTE
    ../clib/microlib/longlong.c              0x00000000   Number         0  llsshr.o ABSOLUTE
    ../clib/microlib/printf/printf.c         0x00000000   Number         0  printf2.o ABSOLUTE
    ../clib/microlib/printf/printf.c         0x00000000   Number         0  printf1.o ABSOLUTE
    ../clib/microlib/printf/printf.c         0x00000000   Number         0  printf0.o ABSOLUTE
    ../clib/microlib/printf/printf.c         0x00000000   Number         0  printf5.o ABSOLUTE
    ../clib/microlib/printf/printf.c         0x00000000   Number         0  printf8.o ABSOLUTE
    ../clib/microlib/printf/printf.c         0x00000000   Number         0  printf7.o ABSOLUTE
    ../clib/microlib/printf/printf.c         0x00000000   Number         0  printf6.o ABSOLUTE
    ../clib/microlib/printf/printf.c         0x00000000   Number         0  printf4.o ABSOLUTE
    ../clib/microlib/printf/printf.c         0x00000000   Number         0  printf3.o ABSOLUTE
    ../clib/microlib/printf/printf.c         0x00000000   Number         0  printfa.o ABSOLUTE
    ../clib/microlib/printf/printf.c         0x00000000   Number         0  printfb.o ABSOLUTE
    ../clib/microlib/printf/stubs.s          0x00000000   Number         0  stubs.o ABSOLUTE
    ../clib/microlib/stdio/streams.c         0x00000000   Number         0  stdout.o ABSOLUTE
    ../clib/microlib/string/memcmp.c         0x00000000   Number         0  memcmp.o ABSOLUTE
    ../clib/microlib/string/memset.c         0x00000000   Number         0  memseta.o ABSOLUTE
    ../clib/microlib/stubs.s                 0x00000000   Number         0  iusefp.o ABSOLUTE
    ../fplib/microlib/fpadd.c                0x00000000   Number         0  dadd.o ABSOLUTE
    ../fplib/microlib/fpadd.c                0x00000000   Number         0  fadd.o ABSOLUTE
    ../fplib/microlib/fpdiv.c                0x00000000   Number         0  ddiv.o ABSOLUTE
    ../fplib/microlib/fpdiv.c                0x00000000   Number         0  fdiv.o ABSOLUTE
    ../fplib/microlib/fpepilogue.c           0x00000000   Number         0  depilogue.o ABSOLUTE
    ../fplib/microlib/fpepilogue.c           0x00000000   Number         0  fepilogue.o ABSOLUTE
    ../fplib/microlib/fpfix.c                0x00000000   Number         0  dfixul.o ABSOLUTE
    ../fplib/microlib/fpfix.c                0x00000000   Number         0  ffixi.o ABSOLUTE
    ../fplib/microlib/fpfix.c                0x00000000   Number         0  ffixui.o ABSOLUTE
    ../fplib/microlib/fpflt.c                0x00000000   Number         0  fflti.o ABSOLUTE
    ../fplib/microlib/fpflt.c                0x00000000   Number         0  ffltui.o ABSOLUTE
    ../fplib/microlib/fpmul.c                0x00000000   Number         0  dmul.o ABSOLUTE
    ../fplib/microlib/fpmul.c                0x00000000   Number         0  fmul.o ABSOLUTE
    Core\\core_cm3.c                         0x00000000   Number         0  core_cm3.o ABSOLUTE
    Core\core_cm3.c                          0x00000000   Number         0  core_cm3.o ABSOLUTE
    Core\startup_stm32f10x_hd.s              0x00000000   Number         0  startup_stm32f10x_hd.o ABSOLUTE
    STM32F10x_FWLib\src\misc.c               0x00000000   Number         0  misc.o ABSOLUTE
    STM32F10x_FWLib\src\stm32f10x_gpio.c     0x00000000   Number         0  stm32f10x_gpio.o ABSOLUTE
    STM32F10x_FWLib\src\stm32f10x_i2c.c      0x00000000   Number         0  stm32f10x_i2c.o ABSOLUTE
    STM32F10x_FWLib\src\stm32f10x_rcc.c      0x00000000   Number         0  stm32f10x_rcc.o ABSOLUTE
    STM32F10x_FWLib\src\stm32f10x_tim.c      0x00000000   Number         0  stm32f10x_tim.o ABSOLUTE
    STM32F10x_FWLib\src\stm32f10x_usart.c    0x00000000   Number         0  stm32f10x_usart.o ABSOLUTE
    User\I2C\i2c.c                           0x00000000   Number         0  i2c.o ABSOLUTE
    User\IIC_Simulation.c                    0x00000000   Number         0  iic_simulation.o ABSOLUTE
    User\MPU6050.c                           0x00000000   Number         0  mpu6050.o ABSOLUTE
    User\MotionDriver\inv_mpu.c              0x00000000   Number         0  inv_mpu.o ABSOLUTE
    User\MotionDriver\inv_mpu_dmp_motion_driver.c 0x00000000   Number         0  inv_mpu_dmp_motion_driver.o ABSOLUTE
    User\MotionDriver\my_DMP_driver.c        0x00000000   Number         0  my_dmp_driver.o ABSOLUTE
    User\TIM.c                               0x00000000   Number         0  tim.o ABSOLUTE
    User\USART_Serial.c                      0x00000000   Number         0  usart_serial.o ABSOLUTE
    User\clock\clock.c                       0x00000000   Number         0  clock.o ABSOLUTE
    User\main.c                              0x00000000   Number         0  main.o ABSOLUTE
    User\stm32f10x_it.c                      0x00000000   Number         0  stm32f10x_it.o ABSOLUTE
    User\system_stm32f10x.c                  0x00000000   Number         0  system_stm32f10x.o ABSOLUTE
    cdrcmple.s                               0x00000000   Number         0  cdrcmple.o ABSOLUTE
    cfcmple.s                                0x00000000   Number         0  cfcmple.o ABSOLUTE
    cfrcmple.s                               0x00000000   Number         0  cfrcmple.o ABSOLUTE
    dc.s                                     0x00000000   Number         0  dc.o ABSOLUTE
    handlers.s                               0x00000000   Number         0  handlers.o ABSOLUTE
    init.s                                   0x00000000   Number         0  init.o ABSOLUTE
    RESET                                    0x08000000   Section      304  startup_stm32f10x_hd.o(RESET)
    .ARM.Collect$$$$00000000                 0x08000130   Section        0  entry.o(.ARM.Collect$$$$00000000)
    .ARM.Collect$$$$00000001                 0x08000130   Section        4  entry2.o(.ARM.Collect$$$$00000001)
    .ARM.Collect$$$$00000004                 0x08000134   Section        4  entry5.o(.ARM.Collect$$$$00000004)
    .ARM.Collect$$$$00000008                 0x08000138   Section        0  entry7b.o(.ARM.Collect$$$$00000008)
    .ARM.Collect$$$$0000000A                 0x08000138   Section        0  entry8b.o(.ARM.Collect$$$$0000000A)
    .ARM.Collect$$$$0000000B                 0x08000138   Section        8  entry9a.o(.ARM.Collect$$$$0000000B)
    .ARM.Collect$$$$0000000D                 0x08000140   Section        0  entry10a.o(.ARM.Collect$$$$0000000D)
    .ARM.Collect$$$$0000000F                 0x08000140   Section        0  entry11a.o(.ARM.Collect$$$$0000000F)
    .ARM.Collect$$$$00002712                 0x08000140   Section        4  entry2.o(.ARM.Collect$$$$00002712)
    __lit__00000000                          0x08000140   Data           4  entry2.o(.ARM.Collect$$$$00002712)
    .text                                    0x08000144   Section        0  main.o(.text)
    .text                                    0x0800075c   Section        0  system_stm32f10x.o(.text)
    SetSysClockTo72                          0x0800075d   Thumb Code   212  system_stm32f10x.o(.text)
    SetSysClock                              0x08000831   Thumb Code     8  system_stm32f10x.o(.text)
    .text                                    0x08000938   Section        0  iic_simulation.o(.text)
    delay_us                                 0x08000939   Thumb Code    30  iic_simulation.o(.text)
    IIC_Start                                0x08000957   Thumb Code    48  iic_simulation.o(.text)
    IIC_Stop                                 0x08000987   Thumb Code    40  iic_simulation.o(.text)
    IIC_RecvACK                              0x080009af   Thumb Code    74  iic_simulation.o(.text)
    IIC_SendByte                             0x080009f9   Thumb Code    86  iic_simulation.o(.text)
    IIC_RecvByte                             0x08000a4f   Thumb Code    96  iic_simulation.o(.text)
    .text                                    0x08000b28   Section        0  usart_serial.o(.text)
    .text                                    0x08000ba8   Section        0  stm32f10x_it.o(.text)
    .text                                    0x08000cb4   Section        0  mpu6050.o(.text)
    delay_nus                                0x08000e83   Thumb Code    30  mpu6050.o(.text)
    .text                                    0x08000eb8   Section        0  inv_mpu.o(.text)
    reg_int_cb                               0x08000eb9   Thumb Code     6  inv_mpu.o(.text)
    set_int_enable                           0x08000ebf   Thumb Code   138  inv_mpu.o(.text)
    get_accel_prod_shift                     0x080022b1   Thumb Code   168  inv_mpu.o(.text)
    accel_self_test                          0x08002359   Thumb Code   160  inv_mpu.o(.text)
    gyro_self_test                           0x080023f9   Thumb Code   252  inv_mpu.o(.text)
    get_st_biases                            0x080024f5   Thumb Code  1146  inv_mpu.o(.text)
    .text                                    0x08003000   Section        0  inv_mpu_dmp_motion_driver.o(.text)
    decode_gesture                           0x08003b2d   Thumb Code    94  inv_mpu_dmp_motion_driver.o(.text)
    .text                                    0x08003e64   Section        0  i2c.o(.text)
    .text                                    0x080043f0   Section        0  clock.o(.text)
    .text                                    0x08004468   Section       36  startup_stm32f10x_hd.o(.text)
    .text                                    0x0800448c   Section        0  stm32f10x_gpio.o(.text)
    .text                                    0x080047e4   Section        0  stm32f10x_rcc.o(.text)
    .text                                    0x08004b88   Section        0  stm32f10x_tim.o(.text)
    TI4_Config                               0x0800502f   Thumb Code   130  stm32f10x_tim.o(.text)
    TI3_Config                               0x080050c3   Thumb Code   122  stm32f10x_tim.o(.text)
    TI2_Config                               0x08005157   Thumb Code   130  stm32f10x_tim.o(.text)
    TI1_Config                               0x080051eb   Thumb Code   108  stm32f10x_tim.o(.text)
    .text                                    0x080059a4   Section        0  stm32f10x_usart.o(.text)
    .text                                    0x08005dac   Section        0  ldiv.o(.text)
    .text                                    0x08005e06   Section        0  memseta.o(.text)
    .text                                    0x08005e2a   Section        0  memcmp.o(.text)
    .text                                    0x08005e44   Section        0  fadd.o(.text)
    .text                                    0x08005ef4   Section        0  fmul.o(.text)
    .text                                    0x08005f60   Section        0  fdiv.o(.text)
    .text                                    0x08005fe0   Section        0  fflti.o(.text)
    .text                                    0x08005ff2   Section        0  ffltui.o(.text)
    .text                                    0x08005ffc   Section        0  ffixi.o(.text)
    .text                                    0x0800602e   Section        0  ffixui.o(.text)
    .text                                    0x08006058   Section       20  cfcmple.o(.text)
    .text                                    0x0800606c   Section       20  cfrcmple.o(.text)
    .text                                    0x08006080   Section        0  uidiv.o(.text)
    .text                                    0x080060ac   Section        0  uldiv.o(.text)
    .text                                    0x0800610e   Section        0  fepilogue.o(.text)
    .text                                    0x0800610e   Section        0  iusefp.o(.text)
    .text                                    0x0800617c   Section       36  init.o(.text)
    .text                                    0x080061a0   Section        0  llshl.o(.text)
    .text                                    0x080061be   Section        0  llushr.o(.text)
    i.__0printf$3                            0x080061e0   Section        0  printf3.o(i.__0printf$3)
    i.__scatterload_copy                     0x08006200   Section       14  handlers.o(i.__scatterload_copy)
    i.__scatterload_null                     0x0800620e   Section        2  handlers.o(i.__scatterload_null)
    i.__scatterload_zeroinit                 0x08006210   Section       14  handlers.o(i.__scatterload_zeroinit)
    i._printf_core                           0x08006220   Section        0  printf3.o(i._printf_core)
    _printf_core                             0x08006221   Thumb Code   436  printf3.o(i._printf_core)
    .constdata                               0x080063d8   Section       84  inv_mpu.o(.constdata)
    .constdata                               0x0800642c   Section     3062  inv_mpu_dmp_motion_driver.o(.constdata)
    dmp_memory                               0x0800642c   Data        3062  inv_mpu_dmp_motion_driver.o(.constdata)
    .data                                    0x20000000   Section       20  system_stm32f10x.o(.data)
    .data                                    0x20000014   Section       12  mpu6050.o(.data)
    .data                                    0x20000020   Section       44  inv_mpu.o(.data)
    st                                       0x20000020   Data          44  inv_mpu.o(.data)
    .data                                    0x2000004c   Section        4  clock.o(.data)
    .data                                    0x20000050   Section       20  stm32f10x_rcc.o(.data)
    APBAHBPrescTable                         0x20000050   Data          16  stm32f10x_rcc.o(.data)
    ADCPrescTable                            0x20000060   Data           4  stm32f10x_rcc.o(.data)
    .data                                    0x20000064   Section        4  stdout.o(.data)
    .bss                                     0x20000068   Section       72  mpu6050.o(.bss)
    .bss                                     0x200000b0   Section       16  inv_mpu_dmp_motion_driver.o(.bss)
    dmp                                      0x200000b0   Data          16  inv_mpu_dmp_motion_driver.o(.bss)
    STACK                                    0x200000c0   Section     1024  startup_stm32f10x_hd.o(STACK)

    Global Symbols

    Symbol Name                              Value     Ov Type        Size  Object(Section)

    BuildAttributes$$THM_ISAv4$P$D$K$B$S$PE$A:L22UL41UL21$X:L11$S22US41US21$IEEE1$IW$USESV6$~STKCKD$USESV7$~SHL$OTIME$ROPI$EBA8$MICROLIB$REQ8$PRES8$EABIv2 0x00000000   Number         0  anon$$obj.o ABSOLUTE
    __ARM_use_no_argv                        0x00000000   Number         0  main.o ABSOLUTE
    _printf_a                                0x00000000   Number         0  stubs.o ABSOLUTE
    _printf_c                                0x00000000   Number         0  stubs.o ABSOLUTE
    _printf_charcount                        0x00000000   Number         0  stubs.o ABSOLUTE
    _printf_d                                0x00000000   Number         0  stubs.o ABSOLUTE
    _printf_e                                0x00000000   Number         0  stubs.o ABSOLUTE
    _printf_f                                0x00000000   Number         0  stubs.o ABSOLUTE
    _printf_flags                            0x00000000   Number         0  stubs.o ABSOLUTE
    _printf_fp_dec                           0x00000000   Number         0  stubs.o ABSOLUTE
    _printf_fp_hex                           0x00000000   Number         0  stubs.o ABSOLUTE
    _printf_g                                0x00000000   Number         0  stubs.o ABSOLUTE
    _printf_i                                0x00000000   Number         0  stubs.o ABSOLUTE
    _printf_int_dec                          0x00000000   Number         0  stubs.o ABSOLUTE
    _printf_l                                0x00000000   Number         0  stubs.o ABSOLUTE
    _printf_lc                               0x00000000   Number         0  stubs.o ABSOLUTE
    _printf_ll                               0x00000000   Number         0  stubs.o ABSOLUTE
    _printf_lld                              0x00000000   Number         0  stubs.o ABSOLUTE
    _printf_lli                              0x00000000   Number         0  stubs.o ABSOLUTE
    _printf_llo                              0x00000000   Number         0  stubs.o ABSOLUTE
    _printf_llu                              0x00000000   Number         0  stubs.o ABSOLUTE
    _printf_llx                              0x00000000   Number         0  stubs.o ABSOLUTE
    _printf_longlong_dec                     0x00000000   Number         0  stubs.o ABSOLUTE
    _printf_longlong_hex                     0x00000000   Number         0  stubs.o ABSOLUTE
    _printf_longlong_oct                     0x00000000   Number         0  stubs.o ABSOLUTE
    _printf_ls                               0x00000000   Number         0  stubs.o ABSOLUTE
    _printf_mbtowc                           0x00000000   Number         0  stubs.o ABSOLUTE
    _printf_n                                0x00000000   Number         0  stubs.o ABSOLUTE
    _printf_o                                0x00000000   Number         0  stubs.o ABSOLUTE
    _printf_p                                0x00000000   Number         0  stubs.o ABSOLUTE
    _printf_percent                          0x00000000   Number         0  stubs.o ABSOLUTE
    _printf_pre_padding                      0x00000000   Number         0  stubs.o ABSOLUTE
    _printf_return_value                     0x00000000   Number         0  stubs.o ABSOLUTE
    _printf_s                                0x00000000   Number         0  stubs.o ABSOLUTE
    _printf_sizespec                         0x00000000   Number         0  stubs.o ABSOLUTE
    _printf_str                              0x00000000   Number         0  stubs.o ABSOLUTE
    _printf_truncate_signed                  0x00000000   Number         0  stubs.o ABSOLUTE
    _printf_truncate_unsigned                0x00000000   Number         0  stubs.o ABSOLUTE
    _printf_u                                0x00000000   Number         0  stubs.o ABSOLUTE
    _printf_wc                               0x00000000   Number         0  stubs.o ABSOLUTE
    _printf_wctomb                           0x00000000   Number         0  stubs.o ABSOLUTE
    _printf_widthprec                        0x00000000   Number         0  stubs.o ABSOLUTE
    _printf_x                                0x00000000   Number         0  stubs.o ABSOLUTE
    __cpp_initialize__aeabi_                  - Undefined Weak Reference
    __cxa_finalize                            - Undefined Weak Reference
    __decompress                              - Undefined Weak Reference
    _clock_init                               - Undefined Weak Reference
    _microlib_exit                            - Undefined Weak Reference
    __Vectors_Size                           0x00000130   Number         0  startup_stm32f10x_hd.o ABSOLUTE
    __Vectors                                0x08000000   Data           4  startup_stm32f10x_hd.o(RESET)
    __Vectors_End                            0x08000130   Data           0  startup_stm32f10x_hd.o(RESET)
    __main                                   0x08000131   Thumb Code     0  entry.o(.ARM.Collect$$$$00000000)
    _main_stk                                0x08000131   Thumb Code     0  entry2.o(.ARM.Collect$$$$00000001)
    _main_scatterload                        0x08000135   Thumb Code     0  entry5.o(.ARM.Collect$$$$00000004)
    __main_after_scatterload                 0x08000139   Thumb Code     0  entry5.o(.ARM.Collect$$$$00000004)
    _main_clock                              0x08000139   Thumb Code     0  entry7b.o(.ARM.Collect$$$$00000008)
    _main_cpp_init                           0x08000139   Thumb Code     0  entry8b.o(.ARM.Collect$$$$0000000A)
    _main_init                               0x08000139   Thumb Code     0  entry9a.o(.ARM.Collect$$$$0000000B)
    __rt_final_cpp                           0x08000141   Thumb Code     0  entry10a.o(.ARM.Collect$$$$0000000D)
    __rt_final_exit                          0x08000141   Thumb Code     0  entry11a.o(.ARM.Collect$$$$0000000F)
    UART1_Put_Char                           0x08000145   Thumb Code    26  main.o(.text)
    UART1_ReportMotion                       0x0800015f   Thumb Code   400  main.o(.text)
    DMP_Init                                 0x080002ef   Thumb Code   236  main.o(.text)
    main                                     0x080003db   Thumb Code   140  main.o(.text)
    USART_SendByte                           0x08000467   Thumb Code    28  main.o(.text)
    fputc                                    0x08000483   Thumb Code    32  main.o(.text)
    UART1_ReportIMU                          0x080004a3   Thumb Code   696  main.o(.text)
    SystemInit                               0x08000839   Thumb Code    78  system_stm32f10x.o(.text)
    SystemCoreClockUpdate                    0x08000887   Thumb Code   142  system_stm32f10x.o(.text)
    Single_WriteIIC                          0x08000aaf   Thumb Code    34  iic_simulation.o(.text)
    Single_ReadIIC                           0x08000ad1   Thumb Code    44  iic_simulation.o(.text)
    IIC_GPIO_Configuration                   0x08000afd   Thumb Code    38  iic_simulation.o(.text)
    USART_GPIO_Configuration                 0x08000b29   Thumb Code    62  usart_serial.o(.text)
    USART_Configuration                      0x08000b67   Thumb Code    58  usart_serial.o(.text)
    NMI_Handler                              0x08000ba9   Thumb Code     2  stm32f10x_it.o(.text)
    HardFault_Handler                        0x08000bab   Thumb Code     4  stm32f10x_it.o(.text)
    MemManage_Handler                        0x08000baf   Thumb Code     4  stm32f10x_it.o(.text)
    BusFault_Handler                         0x08000bb3   Thumb Code     4  stm32f10x_it.o(.text)
    UsageFault_Handler                       0x08000bb7   Thumb Code     4  stm32f10x_it.o(.text)
    SVC_Handler                              0x08000bbb   Thumb Code     2  stm32f10x_it.o(.text)
    DebugMon_Handler                         0x08000bbd   Thumb Code     2  stm32f10x_it.o(.text)
    PendSV_Handler                           0x08000bbf   Thumb Code     2  stm32f10x_it.o(.text)
    SysTick_Handler                          0x08000bc1   Thumb Code    12  stm32f10x_it.o(.text)
    TIM2_IRQHandler                          0x08000bcd   Thumb Code   216  stm32f10x_it.o(.text)
    InitMPU6050                              0x08000cb5   Thumb Code    44  mpu6050.o(.text)
    GetData                                  0x08000ce1   Thumb Code    34  mpu6050.o(.text)
    Self_Revise                              0x08000d03   Thumb Code    82  mpu6050.o(.text)
    GetAccel                                 0x08000d55   Thumb Code   168  mpu6050.o(.text)
    MovementEndCheck                         0x08000dfd   Thumb Code   134  mpu6050.o(.text)
    mpu_reg_dump                             0x08000f49   Thumb Code    76  inv_mpu.o(.text)
    mpu_read_reg                             0x08000f95   Thumb Code    66  inv_mpu.o(.text)
    mpu_set_int_latched                      0x08000fd7   Thumb Code   102  inv_mpu.o(.text)
    mpu_set_sensors                          0x0800103d   Thumb Code   202  inv_mpu.o(.text)
    mpu_set_bypass                           0x08001107   Thumb Code   328  inv_mpu.o(.text)
    mpu_reset_fifo                           0x0800124f   Thumb Code   454  inv_mpu.o(.text)
    mpu_configure_fifo                       0x08001415   Thumb Code   106  inv_mpu.o(.text)
    mpu_set_lpf                              0x0800147f   Thumb Code   126  inv_mpu.o(.text)
    mpu_lp_accel_mode                        0x080014fd   Thumb Code   218  inv_mpu.o(.text)
    mpu_set_sample_rate                      0x080015d7   Thumb Code   152  inv_mpu.o(.text)
    mpu_set_accel_fsr                        0x0800166f   Thumb Code   132  inv_mpu.o(.text)
    mpu_set_gyro_fsr                         0x080016f3   Thumb Code   132  inv_mpu.o(.text)
    mpu_init                                 0x08001777   Thumb Code   256  inv_mpu.o(.text)
    mpu_get_gyro_reg                         0x08001877   Thumb Code   110  inv_mpu.o(.text)
    mpu_get_accel_reg                        0x080018e5   Thumb Code   110  inv_mpu.o(.text)
    mpu_get_temperature                      0x08001953   Thumb Code   150  inv_mpu.o(.text)
    mpu_read_6500_accel_bias                 0x080019e9   Thumb Code   124  inv_mpu.o(.text)
    mpu_read_6050_accel_bias                 0x08001a65   Thumb Code   134  inv_mpu.o(.text)
    mpu_read_6500_gyro_bias                  0x08001aeb   Thumb Code   124  inv_mpu.o(.text)
    mpu_set_gyro_bias_reg                    0x08001b67   Thumb Code   152  inv_mpu.o(.text)
    mpu_set_accel_bias_6050_reg              0x08001bff   Thumb Code   258  inv_mpu.o(.text)
    mpu_set_accel_bias_6500_reg              0x08001d01   Thumb Code   258  inv_mpu.o(.text)
    mpu_get_gyro_fsr                         0x08001e03   Thumb Code    64  inv_mpu.o(.text)
    mpu_get_accel_fsr                        0x08001e43   Thumb Code    78  inv_mpu.o(.text)
    mpu_get_lpf                              0x08001e91   Thumb Code    74  inv_mpu.o(.text)
    mpu_get_sample_rate                      0x08001edb   Thumb Code    26  inv_mpu.o(.text)
    mpu_get_compass_sample_rate              0x08001ef5   Thumb Code    10  inv_mpu.o(.text)
    mpu_set_compass_sample_rate              0x08001eff   Thumb Code     8  inv_mpu.o(.text)
    mpu_get_gyro_sens                        0x08001f07   Thumb Code    58  inv_mpu.o(.text)
    mpu_get_accel_sens                       0x08001f41   Thumb Code    78  inv_mpu.o(.text)
    mpu_get_fifo_config                      0x08001f8f   Thumb Code    12  inv_mpu.o(.text)
    mpu_get_power_state                      0x08001f9b   Thumb Code    22  inv_mpu.o(.text)
    mpu_get_int_status                       0x08001fb1   Thumb Code    64  inv_mpu.o(.text)
    mpu_read_fifo                            0x08001ff1   Thumb Code   484  inv_mpu.o(.text)
    mpu_read_fifo_stream                     0x080021d5   Thumb Code   208  inv_mpu.o(.text)
    mpu_set_int_level                        0x080022a5   Thumb Code    12  inv_mpu.o(.text)
    mpu_set_dmp_state                        0x0800296f   Thumb Code   138  inv_mpu.o(.text)
    mpu_run_self_test                        0x080029f9   Thumb Code   292  inv_mpu.o(.text)
    mpu_write_mem                            0x08002b1d   Thumb Code   122  inv_mpu.o(.text)
    mpu_read_mem                             0x08002b97   Thumb Code   122  inv_mpu.o(.text)
    mpu_load_firmware                        0x08002c11   Thumb Code   180  inv_mpu.o(.text)
    mpu_get_dmp_state                        0x08002cc5   Thumb Code    14  inv_mpu.o(.text)
    mpu_get_compass_reg                      0x08002cd3   Thumb Code     8  inv_mpu.o(.text)
    mpu_get_compass_fsr                      0x08002cdb   Thumb Code     8  inv_mpu.o(.text)
    mpu_lp_motion_interrupt                  0x08002ce3   Thumb Code   230  inv_mpu.o(.text)
    DMP_MPU6050_DEV_CFG                      0x08002dc9   Thumb Code   518  inv_mpu.o(.text)
    dmp_load_motion_driver_firmware          0x08003001   Thumb Code    20  inv_mpu_dmp_motion_driver.o(.text)
    inv_row_2_scale                          0x08003015   Thumb Code    78  inv_mpu_dmp_motion_driver.o(.text)
    inv_orientation_matrix_to_scalar         0x08003063   Thumb Code    40  inv_mpu_dmp_motion_driver.o(.text)
    dmp_set_orientation                      0x0800308b   Thumb Code   290  inv_mpu_dmp_motion_driver.o(.text)
    dmp_set_gyro_bias                        0x080031ad   Thumb Code   294  inv_mpu_dmp_motion_driver.o(.text)
    dmp_set_accel_bias                       0x080032d3   Thumb Code   330  inv_mpu_dmp_motion_driver.o(.text)
    dmp_set_fifo_rate                        0x0800341d   Thumb Code    96  inv_mpu_dmp_motion_driver.o(.text)
    dmp_get_fifo_rate                        0x0800347d   Thumb Code    12  inv_mpu_dmp_motion_driver.o(.text)
    dmp_set_tap_thresh                       0x08003489   Thumb Code   396  inv_mpu_dmp_motion_driver.o(.text)
    dmp_set_tap_axes                         0x08003615   Thumb Code    70  inv_mpu_dmp_motion_driver.o(.text)
    dmp_set_tap_count                        0x0800365b   Thumb Code    38  inv_mpu_dmp_motion_driver.o(.text)
    dmp_set_tap_time                         0x08003681   Thumb Code    38  inv_mpu_dmp_motion_driver.o(.text)
    dmp_set_tap_time_multi                   0x080036a7   Thumb Code    38  inv_mpu_dmp_motion_driver.o(.text)
    dmp_set_shake_reject_thresh              0x080036cd   Thumb Code    56  inv_mpu_dmp_motion_driver.o(.text)
    dmp_set_shake_reject_time                0x08003705   Thumb Code    38  inv_mpu_dmp_motion_driver.o(.text)
    dmp_set_shake_reject_timeout             0x0800372b   Thumb Code    38  inv_mpu_dmp_motion_driver.o(.text)
    dmp_get_pedometer_step_count             0x08003751   Thumb Code    66  inv_mpu_dmp_motion_driver.o(.text)
    dmp_set_pedometer_step_count             0x08003793   Thumb Code    42  inv_mpu_dmp_motion_driver.o(.text)
    dmp_get_pedometer_walk_time              0x080037bd   Thumb Code   108  inv_mpu_dmp_motion_driver.o(.text)
    dmp_set_pedometer_walk_time              0x08003829   Thumb Code    48  inv_mpu_dmp_motion_driver.o(.text)
    dmp_enable_6x_lp_quat                    0x08003859   Thumb Code    60  inv_mpu_dmp_motion_driver.o(.text)
    dmp_enable_lp_quat                       0x08003895   Thumb Code    60  inv_mpu_dmp_motion_driver.o(.text)
    dmp_enable_gyro_cal                      0x080038d1   Thumb Code    62  inv_mpu_dmp_motion_driver.o(.text)
    dmp_enable_feature                       0x0800390f   Thumb Code   530  inv_mpu_dmp_motion_driver.o(.text)
    dmp_get_enabled_features                 0x08003b21   Thumb Code    12  inv_mpu_dmp_motion_driver.o(.text)
    dmp_set_interrupt_mode                   0x08003b8b   Thumb Code    66  inv_mpu_dmp_motion_driver.o(.text)
    dmp_read_fifo                            0x08003bcd   Thumb Code   504  inv_mpu_dmp_motion_driver.o(.text)
    dmp_register_tap_cb                      0x08003dc5   Thumb Code    10  inv_mpu_dmp_motion_driver.o(.text)
    dmp_register_android_orient_cb           0x08003dcf   Thumb Code    10  inv_mpu_dmp_motion_driver.o(.text)
    run_self_test                            0x08003dd9   Thumb Code   130  inv_mpu_dmp_motion_driver.o(.text)
    ANBT_I2C_Delay                           0x08003e65   Thumb Code    10  i2c.o(.text)
    ANBT_I2C_Configuration                   0x08003e6f   Thumb Code    86  i2c.o(.text)
    ANBT_I2C_START                           0x08003ec5   Thumb Code    90  i2c.o(.text)
    ANBT_I2C_STOP                            0x08003f1f   Thumb Code    46  i2c.o(.text)
    ANBT_I2C_SendACK                         0x08003f4d   Thumb Code    46  i2c.o(.text)
    ANBT_I2C_SendNACK                        0x08003f7b   Thumb Code    46  i2c.o(.text)
    ANBT_I2C_SendByte                        0x08003fa9   Thumb Code   148  i2c.o(.text)
    ANBT_I2C_ReceiveByte                     0x0800403d   Thumb Code    86  i2c.o(.text)
    ANBT_I2C_ReceiveByte_WithACK             0x08004093   Thumb Code    86  i2c.o(.text)
    ANBT_I2C_Receive6Bytes                   0x080040e9   Thumb Code   186  i2c.o(.text)
    ANBT_I2C_Receive12Bytes                  0x080041a3   Thumb Code   186  i2c.o(.text)
    ANBT_I2C_Receive14Bytes                  0x0800425d   Thumb Code   194  i2c.o(.text)
    AnBT_DMP_Delay_us                        0x0800431f   Thumb Code    26  i2c.o(.text)
    AnBT_DMP_Delay_ms                        0x08004339   Thumb Code    24  i2c.o(.text)
    AnBT_DMP_I2C_Write                       0x08004351   Thumb Code    64  i2c.o(.text)
    AnBT_DMP_I2C_Read                        0x08004391   Thumb Code    90  i2c.o(.text)
    clock_conf                               0x080043f1   Thumb Code    76  clock.o(.text)
    get_clock_ms                             0x0800443d   Thumb Code     8  clock.o(.text)
    delay_ms                                 0x08004445   Thumb Code    18  clock.o(.text)
    Reset_Handler                            0x08004469   Thumb Code     8  startup_stm32f10x_hd.o(.text)
    ADC1_2_IRQHandler                        0x08004483   Thumb Code     0  startup_stm32f10x_hd.o(.text)
    ADC3_IRQHandler                          0x08004483   Thumb Code     0  startup_stm32f10x_hd.o(.text)
    CAN1_RX1_IRQHandler                      0x08004483   Thumb Code     0  startup_stm32f10x_hd.o(.text)
    CAN1_SCE_IRQHandler                      0x08004483   Thumb Code     0  startup_stm32f10x_hd.o(.text)
    DMA1_Channel1_IRQHandler                 0x08004483   Thumb Code     0  startup_stm32f10x_hd.o(.text)
    DMA1_Channel2_IRQHandler                 0x08004483   Thumb Code     0  startup_stm32f10x_hd.o(.text)
    DMA1_Channel3_IRQHandler                 0x08004483   Thumb Code     0  startup_stm32f10x_hd.o(.text)
    DMA1_Channel4_IRQHandler                 0x08004483   Thumb Code     0  startup_stm32f10x_hd.o(.text)
    DMA1_Channel5_IRQHandler                 0x08004483   Thumb Code     0  startup_stm32f10x_hd.o(.text)
    DMA1_Channel6_IRQHandler                 0x08004483   Thumb Code     0  startup_stm32f10x_hd.o(.text)
    DMA1_Channel7_IRQHandler                 0x08004483   Thumb Code     0  startup_stm32f10x_hd.o(.text)
    DMA2_Channel1_IRQHandler                 0x08004483   Thumb Code     0  startup_stm32f10x_hd.o(.text)
    DMA2_Channel2_IRQHandler                 0x08004483   Thumb Code     0  startup_stm32f10x_hd.o(.text)
    DMA2_Channel3_IRQHandler                 0x08004483   Thumb Code     0  startup_stm32f10x_hd.o(.text)
    DMA2_Channel4_5_IRQHandler               0x08004483   Thumb Code     0  startup_stm32f10x_hd.o(.text)
    EXTI0_IRQHandler                         0x08004483   Thumb Code     0  startup_stm32f10x_hd.o(.text)
    EXTI15_10_IRQHandler                     0x08004483   Thumb Code     0  startup_stm32f10x_hd.o(.text)
    EXTI1_IRQHandler                         0x08004483   Thumb Code     0  startup_stm32f10x_hd.o(.text)
    EXTI2_IRQHandler                         0x08004483   Thumb Code     0  startup_stm32f10x_hd.o(.text)
    EXTI3_IRQHandler                         0x08004483   Thumb Code     0  startup_stm32f10x_hd.o(.text)
    EXTI4_IRQHandler                         0x08004483   Thumb Code     0  startup_stm32f10x_hd.o(.text)
    EXTI9_5_IRQHandler                       0x08004483   Thumb Code     0  startup_stm32f10x_hd.o(.text)
    FLASH_IRQHandler                         0x08004483   Thumb Code     0  startup_stm32f10x_hd.o(.text)
    FSMC_IRQHandler                          0x08004483   Thumb Code     0  startup_stm32f10x_hd.o(.text)
    I2C1_ER_IRQHandler                       0x08004483   Thumb Code     0  startup_stm32f10x_hd.o(.text)
    I2C1_EV_IRQHandler                       0x08004483   Thumb Code     0  startup_stm32f10x_hd.o(.text)
    I2C2_ER_IRQHandler                       0x08004483   Thumb Code     0  startup_stm32f10x_hd.o(.text)
    I2C2_EV_IRQHandler                       0x08004483   Thumb Code     0  startup_stm32f10x_hd.o(.text)
    PVD_IRQHandler                           0x08004483   Thumb Code     0  startup_stm32f10x_hd.o(.text)
    RCC_IRQHandler                           0x08004483   Thumb Code     0  startup_stm32f10x_hd.o(.text)
    RTCAlarm_IRQHandler                      0x08004483   Thumb Code     0  startup_stm32f10x_hd.o(.text)
    RTC_IRQHandler                           0x08004483   Thumb Code     0  startup_stm32f10x_hd.o(.text)
    SDIO_IRQHandler                          0x08004483   Thumb Code     0  startup_stm32f10x_hd.o(.text)
    SPI1_IRQHandler                          0x08004483   Thumb Code     0  startup_stm32f10x_hd.o(.text)
    SPI2_IRQHandler                          0x08004483   Thumb Code     0  startup_stm32f10x_hd.o(.text)
    SPI3_IRQHandler                          0x08004483   Thumb Code     0  startup_stm32f10x_hd.o(.text)
    TAMPER_IRQHandler                        0x08004483   Thumb Code     0  startup_stm32f10x_hd.o(.text)
    TIM1_BRK_IRQHandler                      0x08004483   Thumb Code     0  startup_stm32f10x_hd.o(.text)
    TIM1_CC_IRQHandler                       0x08004483   Thumb Code     0  startup_stm32f10x_hd.o(.text)
    TIM1_TRG_COM_IRQHandler                  0x08004483   Thumb Code     0  startup_stm32f10x_hd.o(.text)
    TIM1_UP_IRQHandler                       0x08004483   Thumb Code     0  startup_stm32f10x_hd.o(.text)
    TIM3_IRQHandler                          0x08004483   Thumb Code     0  startup_stm32f10x_hd.o(.text)
    TIM4_IRQHandler                          0x08004483   Thumb Code     0  startup_stm32f10x_hd.o(.text)
    TIM5_IRQHandler                          0x08004483   Thumb Code     0  startup_stm32f10x_hd.o(.text)
    TIM6_IRQHandler                          0x08004483   Thumb Code     0  startup_stm32f10x_hd.o(.text)
    TIM7_IRQHandler                          0x08004483   Thumb Code     0  startup_stm32f10x_hd.o(.text)
    TIM8_BRK_IRQHandler                      0x08004483   Thumb Code     0  startup_stm32f10x_hd.o(.text)
    TIM8_CC_IRQHandler                       0x08004483   Thumb Code     0  startup_stm32f10x_hd.o(.text)
    TIM8_TRG_COM_IRQHandler                  0x08004483   Thumb Code     0  startup_stm32f10x_hd.o(.text)
    TIM8_UP_IRQHandler                       0x08004483   Thumb Code     0  startup_stm32f10x_hd.o(.text)
    UART4_IRQHandler                         0x08004483   Thumb Code     0  startup_stm32f10x_hd.o(.text)
    UART5_IRQHandler                         0x08004483   Thumb Code     0  startup_stm32f10x_hd.o(.text)
    USART1_IRQHandler                        0x08004483   Thumb Code     0  startup_stm32f10x_hd.o(.text)
    USART2_IRQHandler                        0x08004483   Thumb Code     0  startup_stm32f10x_hd.o(.text)
    USART3_IRQHandler                        0x08004483   Thumb Code     0  startup_stm32f10x_hd.o(.text)
    USBWakeUp_IRQHandler                     0x08004483   Thumb Code     0  startup_stm32f10x_hd.o(.text)
    USB_HP_CAN1_TX_IRQHandler                0x08004483   Thumb Code     0  startup_stm32f10x_hd.o(.text)
    USB_LP_CAN1_RX0_IRQHandler               0x08004483   Thumb Code     0  startup_stm32f10x_hd.o(.text)
    WWDG_IRQHandler                          0x08004483   Thumb Code     0  startup_stm32f10x_hd.o(.text)
    GPIO_DeInit                              0x0800448d   Thumb Code   172  stm32f10x_gpio.o(.text)
    GPIO_AFIODeInit                          0x08004539   Thumb Code    20  stm32f10x_gpio.o(.text)
    GPIO_Init                                0x0800454d   Thumb Code   274  stm32f10x_gpio.o(.text)
    GPIO_StructInit                          0x0800465f   Thumb Code    16  stm32f10x_gpio.o(.text)
    GPIO_ReadInputDataBit                    0x0800466f   Thumb Code    18  stm32f10x_gpio.o(.text)
    GPIO_ReadInputData                       0x08004681   Thumb Code     8  stm32f10x_gpio.o(.text)
    GPIO_ReadOutputDataBit                   0x08004689   Thumb Code    18  stm32f10x_gpio.o(.text)
    GPIO_ReadOutputData                      0x0800469b   Thumb Code     8  stm32f10x_gpio.o(.text)
    GPIO_SetBits                             0x080046a3   Thumb Code     4  stm32f10x_gpio.o(.text)
    GPIO_ResetBits                           0x080046a7   Thumb Code     4  stm32f10x_gpio.o(.text)
    GPIO_WriteBit                            0x080046ab   Thumb Code    10  stm32f10x_gpio.o(.text)
    GPIO_Write                               0x080046b5   Thumb Code     4  stm32f10x_gpio.o(.text)
    GPIO_PinLockConfig                       0x080046b9   Thumb Code    18  stm32f10x_gpio.o(.text)
    GPIO_EventOutputConfig                   0x080046cb   Thumb Code    26  stm32f10x_gpio.o(.text)
    GPIO_EventOutputCmd                      0x080046e5   Thumb Code     6  stm32f10x_gpio.o(.text)
    GPIO_PinRemapConfig                      0x080046eb   Thumb Code   138  stm32f10x_gpio.o(.text)
    GPIO_EXTILineConfig                      0x08004775   Thumb Code    66  stm32f10x_gpio.o(.text)
    GPIO_ETH_MediaInterfaceConfig            0x080047b7   Thumb Code     6  stm32f10x_gpio.o(.text)
    RCC_DeInit                               0x080047e5   Thumb Code    64  stm32f10x_rcc.o(.text)
    RCC_HSEConfig                            0x08004825   Thumb Code    70  stm32f10x_rcc.o(.text)
    RCC_GetFlagStatus                        0x0800486b   Thumb Code    56  stm32f10x_rcc.o(.text)
    RCC_WaitForHSEStartUp                    0x080048a3   Thumb Code    56  stm32f10x_rcc.o(.text)
    RCC_AdjustHSICalibrationValue            0x080048db   Thumb Code    20  stm32f10x_rcc.o(.text)
    RCC_HSICmd                               0x080048ef   Thumb Code     6  stm32f10x_rcc.o(.text)
    RCC_PLLConfig                            0x080048f5   Thumb Code    24  stm32f10x_rcc.o(.text)
    RCC_PLLCmd                               0x0800490d   Thumb Code     6  stm32f10x_rcc.o(.text)
    RCC_SYSCLKConfig                         0x08004913   Thumb Code    18  stm32f10x_rcc.o(.text)
    RCC_GetSYSCLKSource                      0x08004925   Thumb Code    10  stm32f10x_rcc.o(.text)
    RCC_HCLKConfig                           0x0800492f   Thumb Code    18  stm32f10x_rcc.o(.text)
    RCC_PCLK1Config                          0x08004941   Thumb Code    18  stm32f10x_rcc.o(.text)
    RCC_PCLK2Config                          0x08004953   Thumb Code    20  stm32f10x_rcc.o(.text)
    RCC_ITConfig                             0x08004967   Thumb Code    26  stm32f10x_rcc.o(.text)
    RCC_USBCLKConfig                         0x08004981   Thumb Code     6  stm32f10x_rcc.o(.text)
    RCC_ADCCLKConfig                         0x08004987   Thumb Code    18  stm32f10x_rcc.o(.text)
    RCC_LSEConfig                            0x08004999   Thumb Code    44  stm32f10x_rcc.o(.text)
    RCC_LSICmd                               0x080049c5   Thumb Code     6  stm32f10x_rcc.o(.text)
    RCC_RTCCLKConfig                         0x080049cb   Thumb Code    12  stm32f10x_rcc.o(.text)
    RCC_RTCCLKCmd                            0x080049d7   Thumb Code     8  stm32f10x_rcc.o(.text)
    RCC_GetClocksFreq                        0x080049df   Thumb Code   192  stm32f10x_rcc.o(.text)
    RCC_AHBPeriphClockCmd                    0x08004a9f   Thumb Code    26  stm32f10x_rcc.o(.text)
    RCC_APB2PeriphClockCmd                   0x08004ab9   Thumb Code    26  stm32f10x_rcc.o(.text)
    RCC_APB1PeriphClockCmd                   0x08004ad3   Thumb Code    26  stm32f10x_rcc.o(.text)
    RCC_APB2PeriphResetCmd                   0x08004aed   Thumb Code    26  stm32f10x_rcc.o(.text)
    RCC_APB1PeriphResetCmd                   0x08004b07   Thumb Code    26  stm32f10x_rcc.o(.text)
    RCC_BackupResetCmd                       0x08004b21   Thumb Code     8  stm32f10x_rcc.o(.text)
    RCC_ClockSecuritySystemCmd               0x08004b29   Thumb Code     6  stm32f10x_rcc.o(.text)
    RCC_MCOConfig                            0x08004b2f   Thumb Code     6  stm32f10x_rcc.o(.text)
    RCC_ClearFlag                            0x08004b35   Thumb Code    14  stm32f10x_rcc.o(.text)
    RCC_GetITStatus                          0x08004b43   Thumb Code    20  stm32f10x_rcc.o(.text)
    RCC_ClearITPendingBit                    0x08004b57   Thumb Code     6  stm32f10x_rcc.o(.text)
    TIM_DeInit                               0x08004b89   Thumb Code   424  stm32f10x_tim.o(.text)
    TIM_TimeBaseInit                         0x08004d31   Thumb Code   122  stm32f10x_tim.o(.text)
    TIM_OC1Init                              0x08004dab   Thumb Code   132  stm32f10x_tim.o(.text)
    TIM_OC2Init                              0x08004e2f   Thumb Code   154  stm32f10x_tim.o(.text)
    TIM_OC3Init                              0x08004ec9   Thumb Code   150  stm32f10x_tim.o(.text)
    TIM_OC4Init                              0x08004f5f   Thumb Code   182  stm32f10x_tim.o(.text)
    TIM_SetIC4Prescaler                      0x08005015   Thumb Code    26  stm32f10x_tim.o(.text)
    TIM_SetIC3Prescaler                      0x080050b1   Thumb Code    18  stm32f10x_tim.o(.text)
    TIM_SetIC2Prescaler                      0x0800513d   Thumb Code    26  stm32f10x_tim.o(.text)
    TIM_SetIC1Prescaler                      0x080051d9   Thumb Code    18  stm32f10x_tim.o(.text)
    TIM_ICInit                               0x08005257   Thumb Code   150  stm32f10x_tim.o(.text)
    TIM_PWMIConfig                           0x080052ed   Thumb Code   124  stm32f10x_tim.o(.text)
    TIM_BDTRConfig                           0x08005369   Thumb Code    32  stm32f10x_tim.o(.text)
    TIM_TimeBaseStructInit                   0x08005389   Thumb Code    18  stm32f10x_tim.o(.text)
    TIM_OCStructInit                         0x0800539b   Thumb Code    20  stm32f10x_tim.o(.text)
    TIM_ICStructInit                         0x080053af   Thumb Code    18  stm32f10x_tim.o(.text)
    TIM_BDTRStructInit                       0x080053c1   Thumb Code    40  stm32f10x_tim.o(.text)
    TIM_Cmd                                  0x080053e9   Thumb Code    24  stm32f10x_tim.o(.text)
    TIM_CtrlPWMOutputs                       0x08005401   Thumb Code    30  stm32f10x_tim.o(.text)
    TIM_ITConfig                             0x0800541f   Thumb Code    18  stm32f10x_tim.o(.text)
    TIM_GenerateEvent                        0x08005431   Thumb Code     4  stm32f10x_tim.o(.text)
    TIM_DMAConfig                            0x08005435   Thumb Code    10  stm32f10x_tim.o(.text)
    TIM_DMACmd                               0x0800543f   Thumb Code    18  stm32f10x_tim.o(.text)
    TIM_InternalClockConfig                  0x08005451   Thumb Code    12  stm32f10x_tim.o(.text)
    TIM_SelectInputTrigger                   0x0800545d   Thumb Code    18  stm32f10x_tim.o(.text)
    TIM_ITRxExternalClockConfig              0x0800546f   Thumb Code    24  stm32f10x_tim.o(.text)
    TIM_TIxExternalClockConfig               0x08005487   Thumb Code    62  stm32f10x_tim.o(.text)
    TIM_ETRConfig                            0x080054c5   Thumb Code    28  stm32f10x_tim.o(.text)
    TIM_ETRClockMode1Config                  0x080054e1   Thumb Code    54  stm32f10x_tim.o(.text)
    TIM_ETRClockMode2Config                  0x08005517   Thumb Code    32  stm32f10x_tim.o(.text)
    TIM_PrescalerConfig                      0x08005537   Thumb Code     6  stm32f10x_tim.o(.text)
    TIM_CounterModeConfig                    0x0800553d   Thumb Code    18  stm32f10x_tim.o(.text)
    TIM_EncoderInterfaceConfig               0x0800554f   Thumb Code    66  stm32f10x_tim.o(.text)
    TIM_ForcedOC1Config                      0x08005591   Thumb Code    18  stm32f10x_tim.o(.text)
    TIM_ForcedOC2Config                      0x080055a3   Thumb Code    26  stm32f10x_tim.o(.text)
    TIM_ForcedOC3Config                      0x080055bd   Thumb Code    18  stm32f10x_tim.o(.text)
    TIM_ForcedOC4Config                      0x080055cf   Thumb Code    26  stm32f10x_tim.o(.text)
    TIM_ARRPreloadConfig                     0x080055e9   Thumb Code    24  stm32f10x_tim.o(.text)
    TIM_SelectCOM                            0x08005601   Thumb Code    24  stm32f10x_tim.o(.text)
    TIM_SelectCCDMA                          0x08005619   Thumb Code    24  stm32f10x_tim.o(.text)
    TIM_CCPreloadControl                     0x08005631   Thumb Code    24  stm32f10x_tim.o(.text)
    TIM_OC1PreloadConfig                     0x08005649   Thumb Code    18  stm32f10x_tim.o(.text)
    TIM_OC2PreloadConfig                     0x0800565b   Thumb Code    26  stm32f10x_tim.o(.text)
    TIM_OC3PreloadConfig                     0x08005675   Thumb Code    18  stm32f10x_tim.o(.text)
    TIM_OC4PreloadConfig                     0x08005687   Thumb Code    26  stm32f10x_tim.o(.text)
    TIM_OC1FastConfig                        0x080056a1   Thumb Code    18  stm32f10x_tim.o(.text)
    TIM_OC2FastConfig                        0x080056b3   Thumb Code    26  stm32f10x_tim.o(.text)
    TIM_OC3FastConfig                        0x080056cd   Thumb Code    18  stm32f10x_tim.o(.text)
    TIM_OC4FastConfig                        0x080056df   Thumb Code    26  stm32f10x_tim.o(.text)
    TIM_ClearOC1Ref                          0x080056f9   Thumb Code    18  stm32f10x_tim.o(.text)
    TIM_ClearOC2Ref                          0x0800570b   Thumb Code    24  stm32f10x_tim.o(.text)
    TIM_ClearOC3Ref                          0x08005723   Thumb Code    18  stm32f10x_tim.o(.text)
    TIM_ClearOC4Ref                          0x08005735   Thumb Code    24  stm32f10x_tim.o(.text)
    TIM_OC1PolarityConfig                    0x0800574d   Thumb Code    18  stm32f10x_tim.o(.text)
    TIM_OC1NPolarityConfig                   0x0800575f   Thumb Code    18  stm32f10x_tim.o(.text)
    TIM_OC2PolarityConfig                    0x08005771   Thumb Code    26  stm32f10x_tim.o(.text)
    TIM_OC2NPolarityConfig                   0x0800578b   Thumb Code    26  stm32f10x_tim.o(.text)
    TIM_OC3PolarityConfig                    0x080057a5   Thumb Code    26  stm32f10x_tim.o(.text)
    TIM_OC3NPolarityConfig                   0x080057bf   Thumb Code    26  stm32f10x_tim.o(.text)
    TIM_OC4PolarityConfig                    0x080057d9   Thumb Code    26  stm32f10x_tim.o(.text)
    TIM_CCxCmd                               0x080057f3   Thumb Code    30  stm32f10x_tim.o(.text)
    TIM_CCxNCmd                              0x08005811   Thumb Code    30  stm32f10x_tim.o(.text)
    TIM_SelectOCxM                           0x0800582f   Thumb Code    82  stm32f10x_tim.o(.text)
    TIM_UpdateDisableConfig                  0x08005881   Thumb Code    24  stm32f10x_tim.o(.text)
    TIM_UpdateRequestConfig                  0x08005899   Thumb Code    24  stm32f10x_tim.o(.text)
    TIM_SelectHallSensor                     0x080058b1   Thumb Code    24  stm32f10x_tim.o(.text)
    TIM_SelectOnePulseMode                   0x080058c9   Thumb Code    18  stm32f10x_tim.o(.text)
    TIM_SelectOutputTrigger                  0x080058db   Thumb Code    18  stm32f10x_tim.o(.text)
    TIM_SelectSlaveMode                      0x080058ed   Thumb Code    18  stm32f10x_tim.o(.text)
    TIM_SelectMasterSlaveMode                0x080058ff   Thumb Code    18  stm32f10x_tim.o(.text)
    TIM_SetCounter                           0x08005911   Thumb Code     4  stm32f10x_tim.o(.text)
    TIM_SetAutoreload                        0x08005915   Thumb Code     4  stm32f10x_tim.o(.text)
    TIM_SetCompare1                          0x08005919   Thumb Code     4  stm32f10x_tim.o(.text)
    TIM_SetCompare2                          0x0800591d   Thumb Code     4  stm32f10x_tim.o(.text)
    TIM_SetCompare3                          0x08005921   Thumb Code     4  stm32f10x_tim.o(.text)
    TIM_SetCompare4                          0x08005925   Thumb Code     6  stm32f10x_tim.o(.text)
    TIM_SetClockDivision                     0x0800592b   Thumb Code    18  stm32f10x_tim.o(.text)
    TIM_GetCapture1                          0x0800593d   Thumb Code     6  stm32f10x_tim.o(.text)
    TIM_GetCapture2                          0x08005943   Thumb Code     6  stm32f10x_tim.o(.text)
    TIM_GetCapture3                          0x08005949   Thumb Code     6  stm32f10x_tim.o(.text)
    TIM_GetCapture4                          0x0800594f   Thumb Code     8  stm32f10x_tim.o(.text)
    TIM_GetCounter                           0x08005957   Thumb Code     6  stm32f10x_tim.o(.text)
    TIM_GetPrescaler                         0x0800595d   Thumb Code     6  stm32f10x_tim.o(.text)
    TIM_GetFlagStatus                        0x08005963   Thumb Code    18  stm32f10x_tim.o(.text)
    TIM_ClearFlag                            0x08005975   Thumb Code     6  stm32f10x_tim.o(.text)
    TIM_GetITStatus                          0x0800597b   Thumb Code    34  stm32f10x_tim.o(.text)
    TIM_ClearITPendingBit                    0x0800599d   Thumb Code     6  stm32f10x_tim.o(.text)
    USART_DeInit                             0x080059a5   Thumb Code   134  stm32f10x_usart.o(.text)
    USART_Init                               0x08005a2b   Thumb Code   210  stm32f10x_usart.o(.text)
    USART_StructInit                         0x08005afd   Thumb Code    24  stm32f10x_usart.o(.text)
    USART_ClockInit                          0x08005b15   Thumb Code    34  stm32f10x_usart.o(.text)
    USART_ClockStructInit                    0x08005b37   Thumb Code    12  stm32f10x_usart.o(.text)
    USART_Cmd                                0x08005b43   Thumb Code    24  stm32f10x_usart.o(.text)
    USART_ITConfig                           0x08005b5b   Thumb Code    74  stm32f10x_usart.o(.text)
    USART_DMACmd                             0x08005ba5   Thumb Code    18  stm32f10x_usart.o(.text)
    USART_SetAddress                         0x08005bb7   Thumb Code    18  stm32f10x_usart.o(.text)
    USART_WakeUpConfig                       0x08005bc9   Thumb Code    18  stm32f10x_usart.o(.text)
    USART_ReceiverWakeUpCmd                  0x08005bdb   Thumb Code    24  stm32f10x_usart.o(.text)
    USART_LINBreakDetectLengthConfig         0x08005bf3   Thumb Code    18  stm32f10x_usart.o(.text)
    USART_LINCmd                             0x08005c05   Thumb Code    24  stm32f10x_usart.o(.text)
    USART_SendData                           0x08005c1d   Thumb Code     8  stm32f10x_usart.o(.text)
    USART_ReceiveData                        0x08005c25   Thumb Code    10  stm32f10x_usart.o(.text)
    USART_SendBreak                          0x08005c2f   Thumb Code    10  stm32f10x_usart.o(.text)
    USART_SetGuardTime                       0x08005c39   Thumb Code    16  stm32f10x_usart.o(.text)
    USART_SetPrescaler                       0x08005c49   Thumb Code    16  stm32f10x_usart.o(.text)
    USART_SmartCardCmd                       0x08005c59   Thumb Code    24  stm32f10x_usart.o(.text)
    USART_SmartCardNACKCmd                   0x08005c71   Thumb Code    24  stm32f10x_usart.o(.text)
    USART_HalfDuplexCmd                      0x08005c89   Thumb Code    24  stm32f10x_usart.o(.text)
    USART_OverSampling8Cmd                   0x08005ca1   Thumb Code    22  stm32f10x_usart.o(.text)
    USART_OneBitMethodCmd                    0x08005cb7   Thumb Code    24  stm32f10x_usart.o(.text)
    USART_IrDAConfig                         0x08005ccf   Thumb Code    18  stm32f10x_usart.o(.text)
    USART_IrDACmd                            0x08005ce1   Thumb Code    24  stm32f10x_usart.o(.text)
    USART_GetFlagStatus                      0x08005cf9   Thumb Code    26  stm32f10x_usart.o(.text)
    USART_ClearFlag                          0x08005d13   Thumb Code    18  stm32f10x_usart.o(.text)
    USART_GetITStatus                        0x08005d25   Thumb Code    84  stm32f10x_usart.o(.text)
    USART_ClearITPendingBit                  0x08005d79   Thumb Code    52  stm32f10x_usart.o(.text)
    __aeabi_ldivmod                          0x08005dad   Thumb Code    90  ldiv.o(.text)
    __aeabi_memset                           0x08005e07   Thumb Code    14  memseta.o(.text)
    __aeabi_memset4                          0x08005e07   Thumb Code     0  memseta.o(.text)
    __aeabi_memset8                          0x08005e07   Thumb Code     0  memseta.o(.text)
    __aeabi_memclr                           0x08005e15   Thumb Code     4  memseta.o(.text)
    __aeabi_memclr4                          0x08005e15   Thumb Code     0  memseta.o(.text)
    __aeabi_memclr8                          0x08005e15   Thumb Code     0  memseta.o(.text)
    _memset$wrapper                          0x08005e19   Thumb Code    18  memseta.o(.text)
    memcmp                                   0x08005e2b   Thumb Code    26  memcmp.o(.text)
    __aeabi_fadd                             0x08005e45   Thumb Code   164  fadd.o(.text)
    __aeabi_fsub                             0x08005ee9   Thumb Code     6  fadd.o(.text)
    __aeabi_frsub                            0x08005eef   Thumb Code     6  fadd.o(.text)
    __aeabi_fmul                             0x08005ef5   Thumb Code   108  fmul.o(.text)
    __aeabi_fdiv                             0x08005f61   Thumb Code   128  fdiv.o(.text)
    __aeabi_i2f                              0x08005fe1   Thumb Code    18  fflti.o(.text)
    __aeabi_ui2f                             0x08005ff3   Thumb Code    10  ffltui.o(.text)
    __aeabi_f2iz                             0x08005ffd   Thumb Code    50  ffixi.o(.text)
    __aeabi_f2uiz                            0x0800602f   Thumb Code    40  ffixui.o(.text)
    __aeabi_cfcmpeq                          0x08006059   Thumb Code     0  cfcmple.o(.text)
    __aeabi_cfcmple                          0x08006059   Thumb Code    20  cfcmple.o(.text)
    __aeabi_cfrcmple                         0x0800606d   Thumb Code    20  cfrcmple.o(.text)
    __aeabi_uidiv                            0x08006081   Thumb Code     0  uidiv.o(.text)
    __aeabi_uidivmod                         0x08006081   Thumb Code    44  uidiv.o(.text)
    __aeabi_uldivmod                         0x080060ad   Thumb Code    98  uldiv.o(.text)
    __I$use$fp                               0x0800610f   Thumb Code     0  iusefp.o(.text)
    _float_round                             0x0800610f   Thumb Code    18  fepilogue.o(.text)
    _float_epilogue                          0x08006121   Thumb Code    90  fepilogue.o(.text)
    __scatterload                            0x0800617d   Thumb Code    28  init.o(.text)
    __scatterload_rt2                        0x0800617d   Thumb Code     0  init.o(.text)
    __aeabi_llsl                             0x080061a1   Thumb Code    30  llshl.o(.text)
    _ll_shift_l                              0x080061a1   Thumb Code     0  llshl.o(.text)
    __aeabi_llsr                             0x080061bf   Thumb Code    32  llushr.o(.text)
    _ll_ushift_r                             0x080061bf   Thumb Code     0  llushr.o(.text)
    __0printf$3                              0x080061e1   Thumb Code    22  printf3.o(i.__0printf$3)
    __1printf$3                              0x080061e1   Thumb Code     0  printf3.o(i.__0printf$3)
    __2printf                                0x080061e1   Thumb Code     0  printf3.o(i.__0printf$3)
    __scatterload_copy                       0x08006201   Thumb Code    14  handlers.o(i.__scatterload_copy)
    __scatterload_null                       0x0800620f   Thumb Code     2  handlers.o(i.__scatterload_null)
    __scatterload_zeroinit                   0x08006211   Thumb Code    14  handlers.o(i.__scatterload_zeroinit)
    reg                                      0x080063d8   Data          30  inv_mpu.o(.constdata)
    hw                                       0x080063f6   Data          12  inv_mpu.o(.constdata)
    test                                     0x08006404   Data          40  inv_mpu.o(.constdata)
    Region$$Table$$Base                      0x08007024   Number         0  anon$$obj.o(Region$$Table)
    Region$$Table$$Limit                     0x08007044   Number         0  anon$$obj.o(Region$$Table)
    SystemCoreClock                          0x20000000   Data           4  system_stm32f10x.o(.data)
    AHBPrescTable                            0x20000004   Data          16  system_stm32f10x.o(.data)
    AccelReviseType                          0x20000014   Data           6  mpu6050.o(.data)
    countX                                   0x2000001a   Data           2  mpu6050.o(.data)
    countY                                   0x2000001c   Data           2  mpu6050.o(.data)
    countZ                                   0x2000001e   Data           2  mpu6050.o(.data)
    g_timecount                              0x2000004c   Data           4  clock.o(.data)
    __stdout                                 0x20000064   Data           4  stdout.o(.data)
    AccelType                                0x20000068   Data          24  mpu6050.o(.bss)
    VelocityType                             0x20000080   Data          24  mpu6050.o(.bss)
    DpmType                                  0x20000098   Data          24  mpu6050.o(.bss)
    __initial_sp                             0x200004c0   Data           0  startup_stm32f10x_hd.o(STACK)



==============================================================================

Memory Map of the image

  Image Entry point : 0x08000131

  Load Region LR_IROM1 (Base: 0x08000000, Size: 0x000070ac, Max: 0x00080000, ABSOLUTE)

    Execution Region ER_IROM1 (Base: 0x08000000, Size: 0x00007044, Max: 0x00080000, ABSOLUTE)

    Base Addr    Size         Type   Attr      Idx    E Section Name        Object

    0x08000000   0x00000130   Data   RO          353    RESET               startup_stm32f10x_hd.o
    0x08000130   0x00000000   Code   RO          443  * .ARM.Collect$$$$00000000  mc_w.l(entry.o)
    0x08000130   0x00000004   Code   RO          731    .ARM.Collect$$$$00000001  mc_w.l(entry2.o)
    0x08000134   0x00000004   Code   RO          734    .ARM.Collect$$$$00000004  mc_w.l(entry5.o)
    0x08000138   0x00000000   Code   RO          736    .ARM.Collect$$$$00000008  mc_w.l(entry7b.o)
    0x08000138   0x00000000   Code   RO          738    .ARM.Collect$$$$0000000A  mc_w.l(entry8b.o)
    0x08000138   0x00000008   Code   RO          739    .ARM.Collect$$$$0000000B  mc_w.l(entry9a.o)
    0x08000140   0x00000000   Code   RO          741    .ARM.Collect$$$$0000000D  mc_w.l(entry10a.o)
    0x08000140   0x00000000   Code   RO          743    .ARM.Collect$$$$0000000F  mc_w.l(entry11a.o)
    0x08000140   0x00000004   Code   RO          732    .ARM.Collect$$$$00002712  mc_w.l(entry2.o)
    0x08000144   0x00000616   Code   RO            1    .text               main.o
    0x0800075a   0x00000002   PAD
    0x0800075c   0x000001dc   Code   RO          135    .text               system_stm32f10x.o
    0x08000938   0x000001f0   Code   RO          153    .text               iic_simulation.o
    0x08000b28   0x00000080   Code   RO          177    .text               usart_serial.o
    0x08000ba8   0x0000010c   Code   RO          189    .text               stm32f10x_it.o
    0x08000cb4   0x00000204   Code   RO          209    .text               mpu6050.o
    0x08000eb8   0x00002148   Code   RO          229    .text               inv_mpu.o
    0x08003000   0x00000e64   Code   RO          287    .text               inv_mpu_dmp_motion_driver.o
    0x08003e64   0x0000058c   Code   RO          314    .text               i2c.o
    0x080043f0   0x00000078   Code   RO          329    .text               clock.o
    0x08004468   0x00000024   Code   RO          354    .text               startup_stm32f10x_hd.o
    0x0800448c   0x00000358   Code   RO          381    .text               stm32f10x_gpio.o
    0x080047e4   0x000003a4   Code   RO          393    .text               stm32f10x_rcc.o
    0x08004b88   0x00000e1a   Code   RO          407    .text               stm32f10x_tim.o
    0x080059a2   0x00000002   PAD
    0x080059a4   0x00000408   Code   RO          419    .text               stm32f10x_usart.o
    0x08005dac   0x0000005a   Code   RO          446    .text               mc_w.l(ldiv.o)
    0x08005e06   0x00000024   Code   RO          448    .text               mc_w.l(memseta.o)
    0x08005e2a   0x0000001a   Code   RO          450    .text               mc_w.l(memcmp.o)
    0x08005e44   0x000000b0   Code   RO          713    .text               mf_w.l(fadd.o)
    0x08005ef4   0x0000006c   Code   RO          715    .text               mf_w.l(fmul.o)
    0x08005f60   0x00000080   Code   RO          717    .text               mf_w.l(fdiv.o)
    0x08005fe0   0x00000012   Code   RO          719    .text               mf_w.l(fflti.o)
    0x08005ff2   0x0000000a   Code   RO          721    .text               mf_w.l(ffltui.o)
    0x08005ffc   0x00000032   Code   RO          723    .text               mf_w.l(ffixi.o)
    0x0800602e   0x00000028   Code   RO          725    .text               mf_w.l(ffixui.o)
    0x08006056   0x00000002   PAD
    0x08006058   0x00000014   Code   RO          727    .text               mf_w.l(cfcmple.o)
    0x0800606c   0x00000014   Code   RO          729    .text               mf_w.l(cfrcmple.o)
    0x08006080   0x0000002c   Code   RO          746    .text               mc_w.l(uidiv.o)
    0x080060ac   0x00000062   Code   RO          748    .text               mc_w.l(uldiv.o)
    0x0800610e   0x00000000   Code   RO          750    .text               mc_w.l(iusefp.o)
    0x0800610e   0x0000006c   Code   RO          751    .text               mf_w.l(fepilogue.o)
    0x0800617a   0x00000002   PAD
    0x0800617c   0x00000024   Code   RO          763    .text               mc_w.l(init.o)
    0x080061a0   0x0000001e   Code   RO          765    .text               mc_w.l(llshl.o)
    0x080061be   0x00000020   Code   RO          767    .text               mc_w.l(llushr.o)
    0x080061de   0x00000002   PAD
    0x080061e0   0x00000020   Code   RO          541    i.__0printf$3       mc_w.l(printf3.o)
    0x08006200   0x0000000e   Code   RO          775    i.__scatterload_copy  mc_w.l(handlers.o)
    0x0800620e   0x00000002   Code   RO          776    i.__scatterload_null  mc_w.l(handlers.o)
    0x08006210   0x0000000e   Code   RO          777    i.__scatterload_zeroinit  mc_w.l(handlers.o)
    0x0800621e   0x00000002   PAD
    0x08006220   0x000001b8   Code   RO          548    i._printf_core      mc_w.l(printf3.o)
    0x080063d8   0x00000054   Data   RO          230    .constdata          inv_mpu.o
    0x0800642c   0x00000bf6   Data   RO          289    .constdata          inv_mpu_dmp_motion_driver.o
    0x08007022   0x00000002   PAD
    0x08007024   0x00000020   Data   RO          773    Region$$Table       anon$$obj.o


    Execution Region RW_IRAM1 (Base: 0x20000000, Size: 0x000004c0, Max: 0x00010000, ABSOLUTE)

    Base Addr    Size         Type   Attr      Idx    E Section Name        Object

    0x20000000   0x00000014   Data   RW          136    .data               system_stm32f10x.o
    0x20000014   0x0000000c   Data   RW          211    .data               mpu6050.o
    0x20000020   0x0000002c   Data   RW          231    .data               inv_mpu.o
    0x2000004c   0x00000004   Data   RW          330    .data               clock.o
    0x20000050   0x00000014   Data   RW          394    .data               stm32f10x_rcc.o
    0x20000064   0x00000004   Data   RW          745    .data               mc_w.l(stdout.o)
    0x20000068   0x00000048   Zero   RW          210    .bss                mpu6050.o
    0x200000b0   0x00000010   Zero   RW          288    .bss                inv_mpu_dmp_motion_driver.o
    0x200000c0   0x00000400   Zero   RW          351    STACK               startup_stm32f10x_hd.o


==============================================================================

Image component sizes


      Code (inc. data)   RO Data    RW Data    ZI Data      Debug   Object Name

       120         18          0          4          0      16136   clock.o
      1420         14          0          0          0       4816   i2c.o
       496          6          0          0          0       1976   iic_simulation.o
      8520        214         84         44          0     227039   inv_mpu.o
      3684        132       3062          0         16      15674   inv_mpu_dmp_motion_driver.o
      1558        392          0          0          0     258461   main.o
       516         24          0         12         72       3206   mpu6050.o
        36          8        304          0       1024        744   startup_stm32f10x_hd.o
       856         40          0          0          0       5529   stm32f10x_gpio.o
       268         16          0          0          0       1446   stm32f10x_it.o
       932         44          0         20          0       8640   stm32f10x_rcc.o
      3610         88          0          0          0      22012   stm32f10x_tim.o
      1032         22          0          0          0       8248   stm32f10x_usart.o
       476         36          0         20          0       1603   system_stm32f10x.o
       128          8          0          0          0        699   usart_serial.o

    ----------------------------------------------------------------------
     23656       1062       3484        100       1112     576229   Object Totals
         0          0         32          0          0          0   (incl. Generated)
         4          0          2          0          0          0   (incl. Padding)

    ----------------------------------------------------------------------

      Code (inc. data)   RO Data    RW Data    ZI Data      Debug   Library Member Name

         0          0          0          0          0          0   entry.o
         0          0          0          0          0          0   entry10a.o
         0          0          0          0          0          0   entry11a.o
         8          4          0          0          0          0   entry2.o
         4          0          0          0          0          0   entry5.o
         0          0          0          0          0          0   entry7b.o
         0          0          0          0          0          0   entry8b.o
         8          4          0          0          0          0   entry9a.o
        30          0          0          0          0          0   handlers.o
        36          8          0          0          0         68   init.o
         0          0          0          0          0          0   iusefp.o
        90          0          0          0          0         84   ldiv.o
        30          0          0          0          0         68   llshl.o
        32          0          0          0          0         68   llushr.o
        26          0          0          0          0         80   memcmp.o
        36          0          0          0          0        108   memseta.o
       472         14          0          0          0        180   printf3.o
         0          0          0          4          0          0   stdout.o
        44          0          0          0          0         80   uidiv.o
        98          0          0          0          0         92   uldiv.o
        20          0          0          0          0         68   cfcmple.o
        20          0          0          0          0         68   cfrcmple.o
       176          0          0          0          0        140   fadd.o
       128          0          0          0          0         88   fdiv.o
       108          0          0          0          0        168   fepilogue.o
        50          0          0          0          0         68   ffixi.o
        40          0          0          0          0         68   ffixui.o
        18          0          0          0          0         68   fflti.o
        10          0          0          0          0         68   ffltui.o
       108          0          0          0          0         76   fmul.o

    ----------------------------------------------------------------------
      1600         30          0          4          0       1708   Library Totals
         8          0          0          0          0          0   (incl. Padding)

    ----------------------------------------------------------------------

      Code (inc. data)   RO Data    RW Data    ZI Data      Debug   Library Name

       914         30          0          4          0        828   mc_w.l
       678          0          0          0          0        880   mf_w.l

    ----------------------------------------------------------------------
      1600         30          0          4          0       1708   Library Totals

    ----------------------------------------------------------------------

==============================================================================


      Code (inc. data)   RO Data    RW Data    ZI Data      Debug   

     25256       1092       3484        104       1112     575597   Grand Totals
     25256       1092       3484        104       1112     575597   ELF Image Totals
     25256       1092       3484        104          0          0   ROM Totals

==============================================================================

    Total RO  Size (Code + RO Data)                28740 (  28.07kB)
    Total RW  Size (RW Data + ZI Data)              1216 (   1.19kB)
    Total ROM Size (Code + RO Data + RW Data)      28844 (  28.17kB)

==============================================================================

